Microchip MPLAB XC8 Compiler V2.10 ()

Linker command line:

-W-3 --edf=C:\Program Files (x86)\Microchip\xc8\v2.10\pic\dat\en_msgs.txt \
  -cs -h+dist/default/production\buzzer.X.production.sym \
  --cmf=dist/default/production\buzzer.X.production.cmf -z -Q16F877A \
  -oC:\Users\Zak\AppData\Local\Temp\sbt8.2 --defsym=__MPLAB_BUILD=1 \
  -Mdist/default/production/buzzer.X.production.map -E1 -ver=XC8 \
  --acfsm=1493 -ASTACK=0110h-016Fh -pstack=STACK -ACODE=00h-07FFhx4 \
  -ASTRCODE=00h-01FFFh -ASTRING=00h-0FFhx32 -ACONST=00h-0FFhx32 \
  -AENTRY=00h-0FFhx32 -ACOMMON=070h-07Fh -ABANK0=020h-06Fh \
  -ABANK1=0A0h-0EFh -ABANK2=0110h-016Fh -ABANK3=0190h-01EFh \
  -ARAM=020h-06Fh,0A0h-0EFh,0110h-016Fh,0190h-01EFh \
  -AABS1=020h-07Fh,0A0h-0EFh,0110h-016Fh,0190h-01EFh -ASFR0=00h-01Fh \
  -ASFR1=080h-09Fh -ASFR2=0100h-010Fh -ASFR3=0180h-018Fh \
  -preset_vec=00h,intentry,init,end_init -ppowerup=CODE -pcinit=CODE \
  -pfunctab=ENTRY -ACONFIG=02007h-02007h -pconfig=CONFIG -DCONFIG=2 \
  -AIDLOC=02000h-02003h -pidloc=IDLOC -DIDLOC=2 -AEEDATA=00h-0FFh/02100h \
  -peeprom_data=EEDATA -DEEDATA=2 -DCODE=2 -DSTRCODE=2 -DSTRING=2 -DCONST=2 \
  -DENTRY=2 -k C:\Users\Zak\AppData\Local\Temp\sbt8.o \
  dist/default/production\buzzer.X.production.o 

Object code version is 3.11

Machine type is 16F877A



                Name                               Link     Load   Length Selector   Space Scale
C:\Users\Zak\AppData\Local\Temp\sbt8.o
                end_init                              0        0        3        0       0
                config                             2007     2007        1     400E       0
dist/default/production\buzzer.X.production.o
                cinit                               7FB      7FB        5      FF6       0
                text4                               7C6      7C6       35      F8C       0
                text3                               7A3      7A3       23      F46       0
                text2                               776      776        A      EEC       0
                text1                               780      780        B      F00       0
                maintext                            78B      78B       18      F16       0
                cstackCOMMON                         70       70        B       70       1
                bssCOMMON                            7B       7B        1       70       1
                strings                               3        3        C        6       0

TOTAL           Name                               Link     Load   Length     Space
        CLASS   STACK          

        CLASS   CODE           
                end_init                              0        0        3         0
                cinit                               7FB      7FB        5         0
                text4                               7C6      7C6       35         0
                text3                               7A3      7A3       23         0
                text2                               776      776        A         0
                text1                               780      780        B         0
                maintext                            78B      78B       18         0

        CLASS   STRCODE        

        CLASS   STRING         
                strings                               3        3        C         0

        CLASS   CONST          

        CLASS   ENTRY          

        CLASS   COMMON         
                cstackCOMMON                         70       70        B         1
                bssCOMMON                            7B       7B        1         1

        CLASS   BANK0          

        CLASS   BANK1          

        CLASS   BANK2          

        CLASS   BANK3          

        CLASS   RAM            

        CLASS   ABS1           
                abs_s1                               7E       7E        2         1

        CLASS   SFR0           

        CLASS   SFR1           

        CLASS   SFR2           

        CLASS   SFR3           

        CLASS   CONFIG         
                config                             2007     2007        1         0

        CLASS   IDLOC          

        CLASS   EEDATA         



SEGMENTS        Name                           Load    Length   Top    Selector   Space  Class     Delta

                reset_vec                      000000  000003  000003         0       0  CODE        2
                strings                        000003  00000C  00000F         6       0  STRING      2
                cstackCOMMON                   000070  00000C  00007C        70       1  COMMON      1
                text2                          000776  00000A  000780       EEC       0  CODE        2
                text1                          000780  00000B  00078B       F00       0  CODE        2
                maintext                       00078B  000018  0007A3       F16       0  CODE        2
                text3                          0007A3  000023  0007C6       F46       0  CODE        2
                text4                          0007C6  000035  0007FB       F8C       0  CODE        2
                cinit                          0007FB  000005  000800       FF6       0  CODE        2
                config                         002007  000001  002008      400E       0  CONFIG      2


UNUSED ADDRESS RANGES

        Name                Unused          Largest block    Delta
        BANK0            0020-006F             50           1
        BANK1            00A0-00EF             50           1
        BANK2            0110-016F             60           1
        BANK3            0190-01EF             60           1
        CODE             000F-0775            767           2
                         0800-1FFF            800
        COMMON           007C-007D              2           1
        CONST            000F-0775            100           2
                         0800-1FFF            100
        EEDATA           2100-21FF            100           2
        ENTRY            000F-0775            100           2
                         0800-1FFF            100
        IDLOC            2000-2003              4           2
        RAM              0020-006F             50           1
                         00A0-00EF             50
                         0110-016F             60
                         0190-01EF             60
        SFR0             0000-001F             20           1
        SFR1             0080-009F             20           1
        SFR2             0100-010F             10           1
        SFR3             0180-018F             10           1
        STACK            0110-016F             60           1
        STRCODE          000F-0775            767           2
                         0800-1FFF           1800
        STRING           000F-0775            100           2
                         0800-1FFF            100

                                  Symbol Table

_ALARM                           bssCOMMON    007B
_RB0                             (abs)        0030
_RE1                             (abs)        0049
_TRISB0                          (abs)        0430
_TRISE1                          (abs)        0449
__CFG_BOREN$OFF                  (abs)        0000
__CFG_FOSC$HS                    (abs)        0000
__CFG_LVP$OFF                    (abs)        0000
__CFG_PWRTE$ON                   (abs)        0000
__CFG_WDTE$OFF                   (abs)        0000
__Habs1                          abs1         0000
__Hbank0                         bank0        0000
__Hbank1                         bank1        0000
__Hbank2                         bank2        0000
__Hbank3                         bank3        0000
__HbssCOMMON                     bssCOMMON    0000
__Hcinit                         cinit        0800
__Hclrtext                       clrtext      0000
__Hcode                          code         0000
__Hcommon                        common       0000
__Hconfig                        config       2008
__HcstackCOMMON                  cstackCOMMON 0000
__Heeprom_data                   eeprom_data  0000
__Hend_init                      end_init     0003
__Hfunctab                       functab      0000
__Hidloc                         idloc        0000
__Hinit                          init         0000
__Hintentry                      intentry     0000
__Hmaintext                      maintext     0000
__Hpowerup                       powerup      0000
__Hram                           ram          0000
__Hreset_vec                     reset_vec    0000
__Hsfr0                          sfr0         0000
__Hsfr1                          sfr1         0000
__Hsfr2                          sfr2         0000
__Hsfr3                          sfr3         0000
__Hspace_0                       (abs)        2008
__Hspace_1                       (abs)        007C
__Hspace_2                       (abs)        0000
__Hspace_3                       (abs)        0000
__Hstack                         stack        0000
__Hstrings                       strings      0000
__Htext                          text         0000
__Labs1                          abs1         0000
__Lbank0                         bank0        0000
__Lbank1                         bank1        0000
__Lbank2                         bank2        0000
__Lbank3                         bank3        0000
__LbssCOMMON                     bssCOMMON    0000
__Lcinit                         cinit        07FB
__Lclrtext                       clrtext      0000
__Lcode                          code         0000
__Lcommon                        common       0000
__Lconfig                        config       2007
__LcstackCOMMON                  cstackCOMMON 0000
__Leeprom_data                   eeprom_data  0000
__Lend_init                      end_init     0000
__Lfunctab                       functab      0000
__Lidloc                         idloc        0000
__Linit                          init         0000
__Lintentry                      intentry     0000
__Lmaintext                      maintext     0000
__Lpowerup                       powerup      0000
__Lram                           ram          0000
__Lreset_vec                     reset_vec    0000
__Lsfr0                          sfr0         0000
__Lsfr1                          sfr1         0000
__Lsfr2                          sfr2         0000
__Lsfr3                          sfr3         0000
__Lspace_0                       (abs)        0000
__Lspace_1                       (abs)        0000
__Lspace_2                       (abs)        0000
__Lspace_3                       (abs)        0000
__Lstack                         stack        0000
__Lstrings                       strings      0000
__Ltext                          text         0000
__S0                             (abs)        2008
__S1                             (abs)        007C
__S2                             (abs)        0000
__S3                             (abs)        0000
___int_sp                        stack        0000
___latbits                       (abs)        0002
___sp                            stack        0000
___stackhi                       (abs)        0000
___stacklo                       (abs)        0000
__end_of__initialization         cinit        07FC
__end_of__stringtab              strings      0009
__end_of_buzzer_alarm            text3        07C6
__end_of_buzzer_init             text2        0780
__end_of_buzzer_sound            text4        07FB
__end_of_getButtonInput          text1        078B
__end_of_main                    maintext     07A3
__end_ofbuzzer_alarm@BUZZER_TIME strings      000F
__end_ofbuzzer_alarm@PAUSE       strings      000B
__end_ofbuzzer_alarm@REPEAT      strings      000D
__initialization                 cinit        07FB
__pbssCOMMON                     bssCOMMON    007B
__pcstackCOMMON                  cstackCOMMON 0070
__pmaintext                      maintext     078B
__pstrings                       strings      0003
__ptext1                         text1        0780
__ptext2                         text2        0776
__ptext3                         text3        07A3
__ptext4                         text4        07C6
__size_of_buzzer_alarm           (abs)        0000
__size_of_buzzer_init            (abs)        0000
__size_of_buzzer_sound           (abs)        0000
__size_of_getButtonInput         (abs)        0000
__size_of_main                   (abs)        0000
__stringbase                     strings      0008
__stringtab                      strings      0003
_buzzer_alarm                    text3        07A3
_buzzer_init                     text2        0776
_buzzer_sound                    text4        07C6
_getButtonInput                  text1        0780
_main                            maintext     078B
btemp                            (abs)        007E
buzzer_alarm@i                   cstackCOMMON 0079
buzzer_sound@bT                  cstackCOMMON 0070
buzzer_sound@i                   cstackCOMMON 0075
buzzer_sound@i_32                cstackCOMMON 0077
buzzer_sound@pT                  cstackCOMMON 0072
end_of_initialization            cinit        07FC
intlevel0                        functab      0000
intlevel1                        functab      0000
intlevel2                        functab      0000
intlevel3                        functab      0000
intlevel4                        functab      0000
intlevel5                        functab      0000
reset_vec                        reset_vec    0000
start                            init         0000
start_initialization             cinit        07FB
wtemp0                           (abs)        007E


FUNCTION INFORMATION:

 *************** function _main *****************
 Defined at:
		line 67 in file "buzzer_driver.c"
 Parameters:    Size  Location     Type
		None
 Auto vars:     Size  Location     Type
		None
 Return value:  Size  Location     Type
                  1    wreg      void 
 Registers used:
		wreg, status,2, status,0, btemp+1, pclath, cstack
 Tracked objects:
		On entry : 
		On exit  : 
		Unchanged: 
 Data sizes:     COMMON   BANK0   BANK1   BANK3   BANK2
      Params:         0       0       0       0       0
      Locals:         0       0       0       0       0
      Temps:          0       0       0       0       0
      Totals:         0       0       0       0       0
Total ram usage:        0 bytes
 Hardware stack levels required when called:    2
 This function calls:
		_buzzer_alarm
		_buzzer_init
		_getButtonInput
 This function is called by:
		Startup code after reset
 This function uses a non-reentrant model


 *************** function _getButtonInput *****************
 Defined at:
		line 54 in file "buzzer_driver.c"
 Parameters:    Size  Location     Type
		None
 Auto vars:     Size  Location     Type
		None
 Return value:  Size  Location     Type
                  1    wreg      void 
 Registers used:
		status,2
 Tracked objects:
		On entry : 
		On exit  : 
		Unchanged: 
 Data sizes:     COMMON   BANK0   BANK1   BANK3   BANK2
      Params:         0       0       0       0       0
      Locals:         0       0       0       0       0
      Temps:          0       0       0       0       0
      Totals:         0       0       0       0       0
Total ram usage:        0 bytes
 Hardware stack levels used:    1
 This function calls:
		Nothing
 This function is called by:
		_main
 This function uses a non-reentrant model


 *************** function _buzzer_init *****************
 Defined at:
		line 26 in file "buzzer_driver.c"
 Parameters:    Size  Location     Type
		None
 Auto vars:     Size  Location     Type
		None
 Return value:  Size  Location     Type
                  1    wreg      void 
 Registers used:
		None
 Tracked objects:
		On entry : 
		On exit  : 
		Unchanged: 
 Data sizes:     COMMON   BANK0   BANK1   BANK3   BANK2
      Params:         0       0       0       0       0
      Locals:         0       0       0       0       0
      Temps:          0       0       0       0       0
      Totals:         0       0       0       0       0
Total ram usage:        0 bytes
 Hardware stack levels used:    1
 This function calls:
		Nothing
 This function is called by:
		_main
 This function uses a non-reentrant model


 *************** function _buzzer_alarm *****************
 Defined at:
		line 44 in file "buzzer_driver.c"
 Parameters:    Size  Location     Type
		None
 Auto vars:     Size  Location     Type
  i               2    9[COMMON] int 
 Return value:  Size  Location     Type
                  1    wreg      void 
 Registers used:
		wreg, status,2, status,0, btemp+1, pclath, cstack
 Tracked objects:
		On entry : 
		On exit  : 
		Unchanged: 
 Data sizes:     COMMON   BANK0   BANK1   BANK3   BANK2
      Params:         0       0       0       0       0
      Locals:         2       0       0       0       0
      Temps:          0       0       0       0       0
      Totals:         2       0       0       0       0
Total ram usage:        2 bytes
 Hardware stack levels used:    1
 Hardware stack levels required when called:    1
 This function calls:
		_buzzer_sound
 This function is called by:
		_main
 This function uses a non-reentrant model


 *************** function _buzzer_sound *****************
 Defined at:
		line 37 in file "buzzer_driver.c"
 Parameters:    Size  Location     Type
  bT              2    0[COMMON] int 
  pT              2    2[COMMON] int 
 Auto vars:     Size  Location     Type
  i               2    7[COMMON] int 
  i               2    5[COMMON] int 
 Return value:  Size  Location     Type
                  1    wreg      void 
 Registers used:
		wreg, status,2
 Tracked objects:
		On entry : 
		On exit  : 
		Unchanged: 
 Data sizes:     COMMON   BANK0   BANK1   BANK3   BANK2
      Params:         4       0       0       0       0
      Locals:         4       0       0       0       0
      Temps:          1       0       0       0       0
      Totals:         9       0       0       0       0
Total ram usage:        9 bytes
 Hardware stack levels used:    1
 This function calls:
		Nothing
 This function is called by:
		_buzzer_alarm
 This function uses a non-reentrant model



MODULE INFORMATION

Module		Function		Class		Link	Load	Size
shared
		__stringtab    		STRING         	0003	0000	7
		buzzer_alarm@BUZZER_TIME		STRING         	0000	0000	0
		buzzer_alarm@REPEAT		STRING         	0000	0000	0
		__initialization		CODE           	07FB	0000	2
		buzzer_alarm@PAUSE		STRING         	0000	0000	0

shared estimated size: 9

buzzer_driver.c
		_getButtonInput		CODE           	0780	0000	12
		_main          		CODE           	078B	0000	25
		_buzzer_init   		CODE           	0776	0000	11
		_buzzer_sound  		CODE           	07C6	0000	54
		_buzzer_alarm  		CODE           	07A3	0000	36

buzzer_driver.c estimated size: 138

