Microchip MPLAB XC8 Compiler V2.05 ()

Linker command line:

-W-3 --edf=C:\Program Files (x86)\Microchip\xc8\v2.05\pic\dat\en_msgs.txt \
  -cs -h+dist/default/production\lab5b.X.production.sym \
  --cmf=dist/default/production\lab5b.X.production.cmf -z -Q16F877A \
  -oC:\Users\CSuser\AppData\Local\Temp\sb2g.2 --defsym=__MPLAB_BUILD=1 \
  -Mdist/default/production/lab5b.X.production.map -E1 -ver=XC8 \
  --acfsm=1493 -ASTACK=0110h-016Fh -pstack=STACK -ACODE=00h-07FFhx4 \
  -ASTRCODE=00h-01FFFh -ASTRING=00h-0FFhx32 -ACONST=00h-0FFhx32 \
  -AENTRY=00h-0FFhx32 -ACOMMON=070h-07Fh -ABANK0=020h-06Fh \
  -ABANK1=0A0h-0EFh -ABANK2=0110h-016Fh -ABANK3=0190h-01EFh \
  -ARAM=020h-06Fh,0A0h-0EFh,0110h-016Fh,0190h-01EFh \
  -AABS1=020h-07Fh,0A0h-0EFh,0110h-016Fh,0190h-01EFh -ASFR0=00h-01Fh \
  -ASFR1=080h-09Fh -ASFR2=0100h-010Fh -ASFR3=0180h-018Fh \
  -preset_vec=00h,intentry,init,end_init -ppowerup=CODE -pcinit=CODE \
  -pfunctab=ENTRY -ACONFIG=02007h-02007h -pconfig=CONFIG -DCONFIG=2 \
  -AIDLOC=02000h-02003h -pidloc=IDLOC -DIDLOC=2 -AEEDATA=00h-0FFh/02100h \
  -peeprom_data=EEDATA -DEEDATA=2 -DCODE=2 -DSTRCODE=2 -DSTRING=2 -DCONST=2 \
  -DENTRY=2 -k C:\Users\CSuser\AppData\Local\Temp\sb2g.o \
  dist/default/production\lab5b.X.production.o 

Object code version is 3.11

Machine type is 16F877A



                Name                               Link     Load   Length Selector   Space Scale
C:\Users\CSuser\AppData\Local\Temp\sb2g.o
                end_init                              0        0        3        0       0
                config                             2007     2007        1     400E       0
dist/default/production\lab5b.X.production.o
                cinit                               7FC      7FC        4      FF8       0
                text8                               6BA      6BA        A      D74       0
                text7                               6FB      6FB       15      DF6       0
                text6                               6D5      6D5       13      DAA       0
                text5                               6C4      6C4       11      D88       0
                text4                               72A      72A       29      E54       0
                text3                               710      710       1A      E20       0
                text2                               6E8      6E8       13      DD0       0
                text1                               753      753       29      EA6       0
                maintext                            77C      77C       80      EF8       0
                cstackBANK0                          20       20        4       20       1
                cstackCOMMON                         70       70        D       70       1
                strings                               3        3       25        6       0

TOTAL           Name                               Link     Load   Length     Space
        CLASS   STACK          

        CLASS   CODE           
                end_init                              0        0        3         0
                cinit                               7FC      7FC        4         0
                text8                               6BA      6BA        A         0
                text7                               6FB      6FB       15         0
                text6                               6D5      6D5       13         0
                text5                               6C4      6C4       11         0
                text4                               72A      72A       29         0
                text3                               710      710       1A         0
                text2                               6E8      6E8       13         0
                text1                               753      753       29         0
                maintext                            77C      77C       80         0

        CLASS   STRCODE        

        CLASS   STRING         
                strings                               3        3       25         0

        CLASS   CONST          

        CLASS   ENTRY          

        CLASS   COMMON         
                cstackCOMMON                         70       70        D         1

        CLASS   BANK0          
                cstackBANK0                          20       20        4         1

        CLASS   BANK1          

        CLASS   BANK2          

        CLASS   BANK3          

        CLASS   RAM            

        CLASS   ABS1           
                abs_s1                               7E       7E        2         1

        CLASS   SFR0           

        CLASS   SFR1           

        CLASS   SFR2           

        CLASS   SFR3           

        CLASS   CONFIG         
                config                             2007     2007        1         0

        CLASS   IDLOC          

        CLASS   EEDATA         



SEGMENTS        Name                           Load    Length   Top    Selector   Space  Class     Delta

                reset_vec                      000000  000003  000003         0       0  CODE        2
                strings                        000003  000025  000028         6       0  STRING      2
                cstackBANK0                    000020  000004  000024        20       1  BANK0       1
                cstackCOMMON                   000070  00000D  00007D        70       1  COMMON      1
                text8                          0006BA  00000A  0006C4       D74       0  CODE        2
                text5                          0006C4  000011  0006D5       D88       0  CODE        2
                text6                          0006D5  000013  0006E8       DAA       0  CODE        2
                text2                          0006E8  000013  0006FB       DD0       0  CODE        2
                text7                          0006FB  000015  000710       DF6       0  CODE        2
                text3                          000710  00001A  00072A       E20       0  CODE        2
                text4                          00072A  000029  000753       E54       0  CODE        2
                text1                          000753  000029  00077C       EA6       0  CODE        2
                maintext                       00077C  000080  0007FC       EF8       0  CODE        2
                cinit                          0007FC  000004  000800       FF8       0  CODE        2
                config                         002007  000001  002008      400E       0  CONFIG      2


UNUSED ADDRESS RANGES

        Name                Unused          Largest block    Delta
        BANK0            0024-006F             4C           1
        BANK1            00A0-00EF             50           1
        BANK2            0110-016F             60           1
        BANK3            0190-01EF             60           1
        CODE             0028-06B9            692           2
                         0800-1FFF            800
        COMMON           007D-007D              1           1
        CONST            0028-06B9            100           2
                         0800-1FFF            100
        EEDATA           2100-21FF            100           2
        ENTRY            0028-06B9            100           2
                         0800-1FFF            100
        IDLOC            2000-2003              4           2
        RAM              0024-006F             4C           1
                         00A0-00EF             50
                         0110-016F             60
                         0190-01EF             60
        SFR0             0000-001F             20           1
        SFR1             0080-009F             20           1
        SFR2             0100-010F             10           1
        SFR3             0180-018F             10           1
        STACK            0110-016F             60           1
        STRCODE          0028-06B9            692           2
                         0800-1FFF           1800
        STRING           0028-06B9            100           2
                         0800-1FFF            100

                                  Symbol Table

?_strlen                 cstackCOMMON 0070
_ADCON1                  (abs)        009F
_PORTD                   (abs)        0008
_RA2                     (abs)        002A
_RA3                     (abs)        002B
_RA4                     (abs)        002C
_RA5                     (abs)        002D
_TRISA                   (abs)        0085
_TRISD                   (abs)        0088
__CFG_BOREN$OFF          (abs)        0000
__CFG_FOSC$HS            (abs)        0000
__CFG_LVP$OFF            (abs)        0000
__CFG_PWRTE$ON           (abs)        0000
__CFG_WDTE$OFF           (abs)        0000
__Habs1                  abs1         0000
__Hbank0                 bank0        0000
__Hbank1                 bank1        0000
__Hbank2                 bank2        0000
__Hbank3                 bank3        0000
__Hcinit                 cinit        0800
__Hclrtext               clrtext      0000
__Hcode                  code         0000
__Hcommon                common       0000
__Hconfig                config       2008
__HcstackBANK0           cstackBANK0  0000
__HcstackCOMMON          cstackCOMMON 0000
__Heeprom_data           eeprom_data  0000
__Hend_init              end_init     0003
__Hfunctab               functab      0000
__Hidloc                 idloc        0000
__Hinit                  init         0000
__Hintentry              intentry     0000
__Hmaintext              maintext     0000
__Hpowerup               powerup      0000
__Hram                   ram          0000
__Hreset_vec             reset_vec    0000
__Hsfr0                  sfr0         0000
__Hsfr1                  sfr1         0000
__Hsfr2                  sfr2         0000
__Hsfr3                  sfr3         0000
__Hspace_0               (abs)        2008
__Hspace_1               (abs)        007D
__Hspace_2               (abs)        0000
__Hspace_3               (abs)        0000
__Hstack                 stack        0000
__Hstrings               strings      0000
__Htext                  text         0000
__Labs1                  abs1         0000
__Lbank0                 bank0        0000
__Lbank1                 bank1        0000
__Lbank2                 bank2        0000
__Lbank3                 bank3        0000
__Lcinit                 cinit        07FC
__Lclrtext               clrtext      0000
__Lcode                  code         0000
__Lcommon                common       0000
__Lconfig                config       2007
__LcstackBANK0           cstackBANK0  0000
__LcstackCOMMON          cstackCOMMON 0000
__Leeprom_data           eeprom_data  0000
__Lend_init              end_init     0000
__Lfunctab               functab      0000
__Lidloc                 idloc        0000
__Linit                  init         0000
__Lintentry              intentry     0000
__Lmaintext              maintext     0000
__Lpowerup               powerup      0000
__Lram                   ram          0000
__Lreset_vec             reset_vec    0000
__Lsfr0                  sfr0         0000
__Lsfr1                  sfr1         0000
__Lsfr2                  sfr2         0000
__Lsfr3                  sfr3         0000
__Lspace_0               (abs)        0000
__Lspace_1               (abs)        0000
__Lspace_2               (abs)        0000
__Lspace_3               (abs)        0000
__Lstack                 stack        0000
__Lstrings               strings      0000
__Ltext                  text         0000
__S0                     (abs)        2008
__S1                     (abs)        007D
__S2                     (abs)        0000
__S3                     (abs)        0000
___int_sp                stack        0000
___latbits               (abs)        0002
___sp                    stack        0000
___stackhi               (abs)        0000
___stacklo               (abs)        0000
__end_of__initialization cinit        07FC
__end_of__stringtab      strings      0009
__end_of_delay           text7        0710
__end_of_init            text8        06C4
__end_of_lcd_init        text5        06D5
__end_of_main            maintext     07FC
__end_of_setCursorPos    text4        0753
__end_of_strlen          text3        072A
__end_of_writeString     text1        077C
__end_of_writechar       text2        06FB
__end_of_writecmd        text6        06E8
__end_ofsetCursorPos@ln1 strings      0011
__end_ofsetCursorPos@ln2 strings      000F
__end_ofsetCursorPos@ln3 strings      000D
__end_ofsetCursorPos@ln4 strings      000B
__initialization         cinit        07FC
__pcstackBANK0           cstackBANK0  0020
__pcstackCOMMON          cstackCOMMON 0070
__pmaintext              maintext     077C
__pstrings               strings      0003
__ptext1                 text1        0753
__ptext2                 text2        06E8
__ptext3                 text3        0710
__ptext4                 text4        072A
__ptext5                 text5        06C4
__ptext6                 text6        06D5
__ptext7                 text7        06FB
__ptext8                 text8        06BA
__size_of_delay          (abs)        0000
__size_of_init           (abs)        0000
__size_of_lcd_init       (abs)        0000
__size_of_main           (abs)        0000
__size_of_setCursorPos   (abs)        0000
__size_of_strlen         (abs)        0000
__size_of_writeString    (abs)        0000
__size_of_writechar      (abs)        0000
__size_of_writecmd       (abs)        0000
__stringbase             strings      0008
__stringtab              strings      0003
_delay                   text7        06FB
_init                    text8        06BA
_lcd_init                text5        06C4
_main                    maintext     077C
_setCursorPos            text4        072A
_strlen                  text3        0710
_writeString             text1        0753
_writechar               text2        06E8
_writecmd                text6        06D5
btemp                    (abs)        007E
delay@i                  cstackCOMMON 0073
delay@t                  cstackCOMMON 0070
end_of_initialization    cinit        07FC
intlevel0                functab      0000
intlevel1                functab      0000
intlevel2                functab      0000
intlevel3                functab      0000
intlevel4                functab      0000
intlevel5                functab      0000
main@str                 cstackBANK0  0020
main@str2                cstackBANK0  0021
main@str3                cstackBANK0  0022
main@str4                cstackBANK0  0023
reset_vec                reset_vec    0000
setCursorPos@addr        cstackCOMMON 007A
setCursorPos@lineN       cstackCOMMON 0076
setCursorPos@pos         cstackCOMMON 0078
start                    init         0000
start_initialization     cinit        07FC
strlen@a                 cstackCOMMON 0073
strlen@len               cstackCOMMON 0074
writeString@i            cstackCOMMON 0077
writeString@str          cstackCOMMON 0079
writechar@x              cstackCOMMON 0075
writecmd@x               cstackCOMMON 0075
wtemp0                   (abs)        007E


FUNCTION INFORMATION:

 *************** function _main *****************
 Defined at:
		line 108 in file "newmain.c"
 Parameters:    Size  Location     Type
		None
 Auto vars:     Size  Location     Type
  str4            1    3[BANK0 ] PTR unsigned char 
		 -> STR_4(4), 
  str3            1    2[BANK0 ] PTR unsigned char 
		 -> STR_3(6), 
  str2            1    1[BANK0 ] PTR unsigned char 
		 -> STR_2(7), 
  str             1    0[BANK0 ] PTR unsigned char 
		 -> STR_1(6), 
 Return value:  Size  Location     Type
                  1    wreg      void 
 Registers used:
		wreg, fsr0l, fsr0h, status,2, status,0, pclath, cstack
 Tracked objects:
		On entry : 
		On exit  : 
		Unchanged: 
 Data sizes:     COMMON   BANK0   BANK1   BANK3   BANK2
      Params:         0       0       0       0       0
      Locals:         0       4       0       0       0
      Temps:          1       0       0       0       0
      Totals:         1       4       0       0       0
Total ram usage:        5 bytes
 Hardware stack levels required when called:    3
 This function calls:
		_delay
		_init
		_lcd_init
		_setCursorPos
		_writeString
 This function is called by:
		Startup code after reset
 This function uses a non-reentrant model


 *************** function _writeString *****************
 Defined at:
		line 76 in file "newmain.c"
 Parameters:    Size  Location     Type
  str             1    wreg     PTR unsigned char 
		 -> STR_4(4), STR_3(6), STR_2(7), STR_1(6), 
 Auto vars:     Size  Location     Type
  str             1    9[COMMON] PTR unsigned char 
		 -> STR_4(4), STR_3(6), STR_2(7), STR_1(6), 
  i               2    7[COMMON] int 
 Return value:  Size  Location     Type
                  1    wreg      void 
 Registers used:
		wreg, fsr0l, fsr0h, status,2, status,0, pclath, cstack
 Tracked objects:
		On entry : 
		On exit  : 
		Unchanged: 
 Data sizes:     COMMON   BANK0   BANK1   BANK3   BANK2
      Params:         0       0       0       0       0
      Locals:         3       0       0       0       0
      Temps:          1       0       0       0       0
      Totals:         4       0       0       0       0
Total ram usage:        4 bytes
 Hardware stack levels used:    1
 Hardware stack levels required when called:    2
 This function calls:
		_strlen
		_writechar
 This function is called by:
		_main
 This function uses a non-reentrant model


 *************** function _writechar *****************
 Defined at:
		line 40 in file "newmain.c"
 Parameters:    Size  Location     Type
  x               1    wreg     unsigned char 
 Auto vars:     Size  Location     Type
  x               1    5[COMMON] unsigned char 
 Return value:  Size  Location     Type
                  1    wreg      void 
 Registers used:
		wreg, status,2, status,0, pclath, cstack
 Tracked objects:
		On entry : 
		On exit  : 
		Unchanged: 
 Data sizes:     COMMON   BANK0   BANK1   BANK3   BANK2
      Params:         0       0       0       0       0
      Locals:         1       0       0       0       0
      Temps:          0       0       0       0       0
      Totals:         1       0       0       0       0
Total ram usage:        1 bytes
 Hardware stack levels used:    1
 Hardware stack levels required when called:    1
 This function calls:
		_delay
 This function is called by:
		_writeString
 This function uses a non-reentrant model


 *************** function _strlen *****************
 Defined at:
		line 69 in file "newmain.c"
 Parameters:    Size  Location     Type
  a               1    wreg     PTR unsigned char 
		 -> STR_4(4), STR_3(6), STR_2(7), STR_1(6), 
 Auto vars:     Size  Location     Type
  a               1    3[COMMON] PTR unsigned char 
		 -> STR_4(4), STR_3(6), STR_2(7), STR_1(6), 
  len             2    4[COMMON] int 
 Return value:  Size  Location     Type
                  2    0[COMMON] int 
 Registers used:
		wreg, fsr0l, fsr0h, status,2, status,0, pclath
 Tracked objects:
		On entry : 
		On exit  : 
		Unchanged: 
 Data sizes:     COMMON   BANK0   BANK1   BANK3   BANK2
      Params:         3       0       0       0       0
      Locals:         3       0       0       0       0
      Temps:          0       0       0       0       0
      Totals:         6       0       0       0       0
Total ram usage:        6 bytes
 Hardware stack levels used:    2
 This function calls:
		Nothing
 This function is called by:
		_writeString
 This function uses a non-reentrant model


 *************** function _setCursorPos *****************
 Defined at:
		line 82 in file "newmain.c"
 Parameters:    Size  Location     Type
  lineN           2    6[COMMON] int 
  pos             2    8[COMMON] int 
 Auto vars:     Size  Location     Type
  addr            2   10[COMMON] int 
 Return value:  Size  Location     Type
                  1    wreg      void 
 Registers used:
		wreg, status,2, status,0, pclath, cstack
 Tracked objects:
		On entry : 
		On exit  : 
		Unchanged: 
 Data sizes:     COMMON   BANK0   BANK1   BANK3   BANK2
      Params:         4       0       0       0       0
      Locals:         2       0       0       0       0
      Temps:          0       0       0       0       0
      Totals:         6       0       0       0       0
Total ram usage:        6 bytes
 Hardware stack levels used:    1
 Hardware stack levels required when called:    2
 This function calls:
		_writecmd
 This function is called by:
		_main
 This function uses a non-reentrant model


 *************** function _lcd_init *****************
 Defined at:
		line 32 in file "newmain.c"
 Parameters:    Size  Location     Type
		None
 Auto vars:     Size  Location     Type
		None
 Return value:  Size  Location     Type
                  1    wreg      void 
 Registers used:
		wreg, status,2, status,0, pclath, cstack
 Tracked objects:
		On entry : 
		On exit  : 
		Unchanged: 
 Data sizes:     COMMON   BANK0   BANK1   BANK3   BANK2
      Params:         0       0       0       0       0
      Locals:         0       0       0       0       0
      Temps:          0       0       0       0       0
      Totals:         0       0       0       0       0
Total ram usage:        0 bytes
 Hardware stack levels used:    1
 Hardware stack levels required when called:    2
 This function calls:
		_writecmd
 This function is called by:
		_main
 This function uses a non-reentrant model


 *************** function _writecmd *****************
 Defined at:
		line 52 in file "newmain.c"
 Parameters:    Size  Location     Type
  x               1    wreg     unsigned char 
 Auto vars:     Size  Location     Type
  x               1    5[COMMON] unsigned char 
 Return value:  Size  Location     Type
                  1    wreg      void 
 Registers used:
		wreg, status,2, status,0, pclath, cstack
 Tracked objects:
		On entry : 
		On exit  : 
		Unchanged: 
 Data sizes:     COMMON   BANK0   BANK1   BANK3   BANK2
      Params:         0       0       0       0       0
      Locals:         1       0       0       0       0
      Temps:          0       0       0       0       0
      Totals:         1       0       0       0       0
Total ram usage:        1 bytes
 Hardware stack levels used:    1
 Hardware stack levels required when called:    1
 This function calls:
		_delay
 This function is called by:
		_lcd_init
		_setCursorPos
 This function uses a non-reentrant model


 *************** function _delay *****************
 Defined at:
		line 63 in file "newmain.c"
 Parameters:    Size  Location     Type
  t               2    0[COMMON] int 
 Auto vars:     Size  Location     Type
  i               2    3[COMMON] int 
 Return value:  Size  Location     Type
                  1    wreg      void 
 Registers used:
		wreg, status,2
 Tracked objects:
		On entry : 
		On exit  : 
		Unchanged: 
 Data sizes:     COMMON   BANK0   BANK1   BANK3   BANK2
      Params:         2       0       0       0       0
      Locals:         2       0       0       0       0
      Temps:          1       0       0       0       0
      Totals:         5       0       0       0       0
Total ram usage:        5 bytes
 Hardware stack levels used:    1
 This function calls:
		Nothing
 This function is called by:
		_writechar
		_writecmd
		_main
 This function uses a non-reentrant model


 *************** function _init *****************
 Defined at:
		line 23 in file "newmain.c"
 Parameters:    Size  Location     Type
		None
 Auto vars:     Size  Location     Type
		None
 Return value:  Size  Location     Type
                  1    wreg      void 
 Registers used:
		wreg, status,2
 Tracked objects:
		On entry : 
		On exit  : 
		Unchanged: 
 Data sizes:     COMMON   BANK0   BANK1   BANK3   BANK2
      Params:         0       0       0       0       0
      Locals:         0       0       0       0       0
      Temps:          0       0       0       0       0
      Totals:         0       0       0       0       0
Total ram usage:        0 bytes
 Hardware stack levels used:    1
 This function calls:
		Nothing
 This function is called by:
		_main
 This function uses a non-reentrant model



MODULE INFORMATION

Module		Function		Class		Link	Load	Size
newmain.c
		_writeString   		CODE           	0753	0000	42
		_init          		CODE           	06BA	0000	11
		_delay         		CODE           	06FB	0000	22
		_strlen        		CODE           	0710	0000	27
		_writechar     		CODE           	06E8	0000	20
		_main          		CODE           	077C	0000	129
		_writecmd      		CODE           	06D5	0000	20
		_setCursorPos  		CODE           	072A	0000	42
		_lcd_init      		CODE           	06C4	0000	18

newmain.c estimated size: 331

shared
		__stringtab    		STRING         	0003	0000	7
		__initialization		CODE           	07FC	0000	1
		setCursorPos@ln1		STRING         	0000	0000	0
		setCursorPos@ln2		STRING         	0000	0000	0
		setCursorPos@ln3		STRING         	0000	0000	0
		setCursorPos@ln4		STRING         	0000	0000	0

shared estimated size: 8

