MPLINK 5.09, LINKER
Linker Map File - Created Fri Oct 11 15:14:14 2019

                                 Section Info
                  Section       Type    Address   Location Size(Bytes)
                ---------  ---------  ---------  ---------  ---------
                   .org_0       code   0x000000    program   0x00004e
                   .cinit    romdata   0x000027    program   0x000004
.config_2007_BUILD/DEFAULT/DEBUG/LED2.O       code   0x002007    program   0x000002



                              Program Memory Usage 
                               Start         End      
                           ---------   ---------      
                            0x000000    0x000028      
                            0x002007    0x002007      
            42 out of 8454 program addresses used, program memory utilization is 0%



                              Symbols - Sorted by Name
                     Name    Address   Location    Storage File                     
                ---------  ---------  ---------  --------- ---------                
                    delay   0x00001e    program     static C:\Users\CSuser\MPLABXProjects\LAB_2.X\Led2.asm
               inner_loop   0x000022    program     static C:\Users\CSuser\MPLABXProjects\LAB_2.X\Led2.asm
                     loop   0x00000b    program     static C:\Users\CSuser\MPLABXProjects\LAB_2.X\Led2.asm
                     main   0x000000    program     static C:\Users\CSuser\MPLABXProjects\LAB_2.X\Led2.asm
               outer_loop   0x000020    program     static C:\Users\CSuser\MPLABXProjects\LAB_2.X\Led2.asm



                              Symbols - Sorted by Address
                     Name    Address   Location    Storage File                     
                ---------  ---------  ---------  --------- ---------                
                     main   0x000000    program     static C:\Users\CSuser\MPLABXProjects\LAB_2.X\Led2.asm
                     loop   0x00000b    program     static C:\Users\CSuser\MPLABXProjects\LAB_2.X\Led2.asm
                    delay   0x00001e    program     static C:\Users\CSuser\MPLABXProjects\LAB_2.X\Led2.asm
               outer_loop   0x000020    program     static C:\Users\CSuser\MPLABXProjects\LAB_2.X\Led2.asm
               inner_loop   0x000022    program     static C:\Users\CSuser\MPLABXProjects\LAB_2.X\Led2.asm


