Microchip MPLAB XC8 Compiler V2.10 ()

Linker command line:

-W-3 --edf=C:\Program Files (x86)\Microchip\xc8\v2.10\pic\dat\en_msgs.txt \
  -cs -h+dist/default/production\RTC_Lab.X.production.sym \
  --cmf=dist/default/production\RTC_Lab.X.production.cmf -z -Q16F877A \
  -oC:\Users\Zak\AppData\Local\Temp\suk.2 --defsym=__MPLAB_BUILD=1 \
  -Mdist/default/production/RTC_Lab.X.production.map -E1 -ver=XC8 \
  --acfsm=1493 -ASTACK=0110h-016Fh -pstack=STACK -ACODE=00h-07FFhx4 \
  -ASTRCODE=00h-01FFFh -ASTRING=00h-0FFhx32 -ACONST=00h-0FFhx32 \
  -AENTRY=00h-0FFhx32 -ACOMMON=070h-07Fh -ABANK0=020h-06Fh \
  -ABANK1=0A0h-0EFh -ABANK2=0110h-016Fh -ABANK3=0190h-01EFh \
  -ARAM=020h-06Fh,0A0h-0EFh,0110h-016Fh,0190h-01EFh \
  -AABS1=020h-07Fh,0A0h-0EFh,0110h-016Fh,0190h-01EFh -ASFR0=00h-01Fh \
  -ASFR1=080h-09Fh -ASFR2=0100h-010Fh -ASFR3=0180h-018Fh \
  -preset_vec=00h,intentry,init,end_init -ppowerup=CODE -pcinit=CODE \
  -pfunctab=ENTRY -ACONFIG=02007h-02007h -pconfig=CONFIG -DCONFIG=2 \
  -AIDLOC=02000h-02003h -pidloc=IDLOC -DIDLOC=2 -AEEDATA=00h-0FFh/02100h \
  -peeprom_data=EEDATA -DEEDATA=2 -DCODE=2 -DSTRCODE=2 -DSTRING=2 -DCONST=2 \
  -DENTRY=2 -k C:\Users\Zak\AppData\Local\Temp\suk.o \
  dist/default/production\RTC_Lab.X.production.o 

Object code version is 3.11

Machine type is 16F877A



                Name                               Link     Load   Length Selector   Space Scale
C:\Users\Zak\AppData\Local\Temp\suk.o
                end_init                              0        0        3        0       0
                config                             2007     2007        1     400E       0
dist/default/production\RTC_Lab.X.production.o
                cinit                               7EF      7EF       11      FDE       0
                text8                               62E      62E       16      C5C       0
                text7                               719      719       D6      E32       0
                text6                               6E9      6E9       30      DD2       0
                text5                               661      661       2B      CC2       0
                text4                               68C      68C       2E      D18       0
                text3                               609      609       10      C12       0
                text2                               619      619       15      C32       0
                text1                               6BA      6BA       2F      D74       0
                maintext                            644      644       1D      C88       0
                cstackCOMMON                         70       70        8       70       1
                bssBANK0                             20       20        7       20       1
                dataCOMMON                           78       78        1       70       1
                strings                               3        3       20        6       0
                idataCOMMON                         608      608        1      C10       0

TOTAL           Name                               Link     Load   Length     Space
        CLASS   STACK          

        CLASS   CODE           
                end_init                              0        0        3         0
                cinit                               7EF      7EF       11         0
                text8                               62E      62E       16         0
                text7                               719      719       D6         0
                text6                               6E9      6E9       30         0
                text5                               661      661       2B         0
                text4                               68C      68C       2E         0
                text3                               609      609       10         0
                text2                               619      619       15         0
                text1                               6BA      6BA       2F         0
                maintext                            644      644       1D         0
                idataCOMMON                         608      608        1         0

        CLASS   STRCODE        

        CLASS   STRING         
                strings                               3        3       20         0

        CLASS   CONST          

        CLASS   ENTRY          

        CLASS   COMMON         
                cstackCOMMON                         70       70        8         1
                dataCOMMON                           78       78        1         1

        CLASS   BANK0          
                bssBANK0                             20       20        7         1

        CLASS   BANK1          

        CLASS   BANK2          

        CLASS   BANK3          

        CLASS   RAM            

        CLASS   ABS1           
                abs_s1                               7E       7E        2         1

        CLASS   SFR0           

        CLASS   SFR1           

        CLASS   SFR2           

        CLASS   SFR3           

        CLASS   CONFIG         
                config                             2007     2007        1         0

        CLASS   IDLOC          

        CLASS   EEDATA         



SEGMENTS        Name                           Load    Length   Top    Selector   Space  Class     Delta

                reset_vec                      000000  000003  000003         0       0  CODE        2
                strings                        000003  000020  000023         6       0  STRING      2
                bssBANK0                       000020  000007  000027        20       1  BANK0       1
                cstackCOMMON                   000070  000009  000079        70       1  COMMON      1
                idataCOMMON                    000608  000001  000609       C10       0  CODE        2
                text3                          000609  000010  000619       C12       0  CODE        2
                text2                          000619  000015  00062E       C32       0  CODE        2
                text8                          00062E  000016  000644       C5C       0  CODE        2
                maintext                       000644  00001D  000661       C88       0  CODE        2
                text5                          000661  00002B  00068C       CC2       0  CODE        2
                text4                          00068C  00002E  0006BA       D18       0  CODE        2
                text1                          0006BA  00002F  0006E9       D74       0  CODE        2
                text6                          0006E9  000030  000719       DD2       0  CODE        2
                text7                          000719  0000D6  0007EF       E32       0  CODE        2
                cinit                          0007EF  000011  000800       FDE       0  CODE        2
                config                         002007  000001  002008      400E       0  CONFIG      2


UNUSED ADDRESS RANGES

        Name                Unused          Largest block    Delta
        BANK0            0027-006F             49           1
        BANK1            00A0-00EF             50           1
        BANK2            0110-016F             60           1
        BANK3            0190-01EF             60           1
        CODE             0023-0607            5E5           2
                         0800-1FFF            800
        COMMON           0079-007D              5           1
        CONST            0023-0607            100           2
                         0800-1FFF            100
        EEDATA           2100-21FF            100           2
        ENTRY            0023-0607            100           2
                         0800-1FFF            100
        IDLOC            2000-2003              4           2
        RAM              0027-006F             49           1
                         00A0-00EF             50
                         0110-016F             60
                         0190-01EF             60
        SFR0             0000-001F             20           1
        SFR1             0080-009F             20           1
        SFR2             0100-010F             10           1
        SFR3             0180-018F             10           1
        STACK            0110-016F             60           1
        STRCODE          0023-0607            5E5           2
                         0800-1FFF           1800
        STRING           0023-0607            100           2
                         0800-1FFF            100

                                  Symbol Table

_ADCON1                  (abs)        009F
_OPTION_REG              (abs)        0081
_PORTA                   (abs)        0005
_PORTD                   (abs)        0008
_RB0                     (abs)        0030
_RB1                     (abs)        0031
_RB4                     (abs)        0034
_RB5                     (abs)        0035
_TRISA                   (abs)        0085
_TRISB                   (abs)        0086
_TRISB4                  (abs)        0434
_TRISD                   (abs)        0088
__CFG_BOREN$OFF          (abs)        0000
__CFG_FOSC$HS            (abs)        0000
__CFG_LVP$OFF            (abs)        0000
__CFG_PWRTE$ON           (abs)        0000
__CFG_WDTE$OFF           (abs)        0000
__Habs1                  abs1         0000
__Hbank0                 bank0        0000
__Hbank1                 bank1        0000
__Hbank2                 bank2        0000
__Hbank3                 bank3        0000
__HbssBANK0              bssBANK0     0000
__Hcinit                 cinit        0800
__Hclrtext               clrtext      0000
__Hcode                  code         0000
__Hcommon                common       0000
__Hconfig                config       2008
__HcstackCOMMON          cstackCOMMON 0000
__HdataCOMMON            dataCOMMON   0000
__Heeprom_data           eeprom_data  0000
__Hend_init              end_init     0003
__Hfunctab               functab      0000
__HidataCOMMON           idataCOMMON  0000
__Hidloc                 idloc        0000
__Hinit                  init         0000
__Hintentry              intentry     0000
__Hmaintext              maintext     0000
__Hpowerup               powerup      0000
__Hram                   ram          0000
__Hreset_vec             reset_vec    0000
__Hsfr0                  sfr0         0000
__Hsfr1                  sfr1         0000
__Hsfr2                  sfr2         0000
__Hsfr3                  sfr3         0000
__Hspace_0               (abs)        2008
__Hspace_1               (abs)        0079
__Hspace_2               (abs)        0000
__Hspace_3               (abs)        0000
__Hstack                 stack        0000
__Hstrings               strings      0000
__Htext                  text         0000
__Labs1                  abs1         0000
__Lbank0                 bank0        0000
__Lbank1                 bank1        0000
__Lbank2                 bank2        0000
__Lbank3                 bank3        0000
__LbssBANK0              bssBANK0     0000
__Lcinit                 cinit        07EF
__Lclrtext               clrtext      0000
__Lcode                  code         0000
__Lcommon                common       0000
__Lconfig                config       2007
__LcstackCOMMON          cstackCOMMON 0000
__LdataCOMMON            dataCOMMON   0000
__Leeprom_data           eeprom_data  0000
__Lend_init              end_init     0000
__Lfunctab               functab      0000
__LidataCOMMON           idataCOMMON  0000
__Lidloc                 idloc        0000
__Linit                  init         0000
__Lintentry              intentry     0000
__Lmaintext              maintext     0000
__Lpowerup               powerup      0000
__Lram                   ram          0000
__Lreset_vec             reset_vec    0000
__Lsfr0                  sfr0         0000
__Lsfr1                  sfr1         0000
__Lsfr2                  sfr2         0000
__Lsfr3                  sfr3         0000
__Lspace_0               (abs)        0000
__Lspace_1               (abs)        0000
__Lspace_2               (abs)        0000
__Lspace_3               (abs)        0000
__Lstack                 stack        0000
__Lstrings               strings      0000
__Ltext                  text         0000
__S0                     (abs)        2008
__S1                     (abs)        0079
__S2                     (abs)        0000
__S3                     (abs)        0000
___int_sp                stack        0000
___latbits               (abs)        0002
___sp                    stack        0000
___stackhi               (abs)        0000
___stacklo               (abs)        0000
__end_of_CTRL            strings      001C
__end_of_DATE            strings      0020
__end_of_DAY             strings      001E
__end_of_HOUR            strings      0021
__end_of_MIN             strings      0022
__end_of_MONTH           strings      001F
__end_of_SEC             strings      0023
__end_of_YEAR            strings      001D
__end_of__initialization cinit        07FC
__end_of__stringtab      strings      0009
__end_of_defaults        strings      001B
__end_of_delay           text8        0644
__end_of_display_time    text7        07EF
__end_of_get_time        text4        06BA
__end_of_main            maintext     0661
__end_of_port_init       text3        0619
__end_of_read_byte       text6        0719
__end_of_rtc_init        text2        062E
__end_of_set_time        text1        06E9
__end_of_table2          strings      0013
__end_of_write_byte      text5        068C
__initialization         cinit        07EF
__pbssBANK0              bssBANK0     0020
__pcstackCOMMON          cstackCOMMON 0070
__pdataCOMMON            dataCOMMON   0078
__pidataCOMMON           idataCOMMON  0608
__pmaintext              maintext     0644
__pstrings               strings      0003
__ptext1                 text1        06BA
__ptext2                 text2        0619
__ptext3                 text3        0609
__ptext4                 text4        068C
__ptext5                 text5        0661
__ptext6                 text6        06E9
__ptext7                 text7        0719
__ptext8                 text8        062E
__size_of_delay          (abs)        0000
__size_of_display_time   (abs)        0000
__size_of_get_time       (abs)        0000
__size_of_main           (abs)        0000
__size_of_port_init      (abs)        0000
__size_of_read_byte      (abs)        0000
__size_of_rtc_init       (abs)        0000
__size_of_set_time       (abs)        0000
__size_of_write_byte     (abs)        0000
__stringbase             strings      0008
__stringtab              strings      0003
_defaults                strings      0013
_delay                   text8        062E
_display_time            text7        0719
_get_time                text4        068C
_main                    maintext     0644
_port_init               text3        0609
_read_byte               text6        06E9
_rtc_init                text2        0619
_set_time                text1        06BA
_table1                  bssBANK0     0020
_table2                  strings      0009
_time_rx                 dataCOMMON   0078
_write_byte              text5        0661
btemp                    (abs)        007E
delay@i                  cstackCOMMON 0070
display_time@i           cstackCOMMON 0074
end_of_initialization    cinit        07FC
get_time@i               cstackCOMMON 0076
intlevel0                functab      0000
intlevel1                functab      0000
intlevel2                functab      0000
intlevel3                functab      0000
intlevel4                functab      0000
intlevel5                functab      0000
read_byte@j              cstackCOMMON 0072
reset_vec                reset_vec    0000
set_time@i               cstackCOMMON 0075
start                    init         0000
start_initialization     cinit        07EF
write_byte@j             cstackCOMMON 0072
write_byte@time_tx       cstackCOMMON 0074
wtemp0                   (abs)        007E


FUNCTION INFORMATION:

 *************** function _main *****************
 Defined at:
		line 47 in file "newmain.c"
 Parameters:    Size  Location     Type
		None
 Auto vars:     Size  Location     Type
		None
 Return value:  Size  Location     Type
                  1    wreg      void 
 Registers used:
		wreg, fsr0l, fsr0h, status,2, status,0, btemp+1, pclath, cstack
 Tracked objects:
		On entry : 
		On exit  : 
		Unchanged: 
 Data sizes:     COMMON   BANK0   BANK1   BANK3   BANK2
      Params:         0       0       0       0       0
      Locals:         0       0       0       0       0
      Temps:          0       0       0       0       0
      Totals:         0       0       0       0       0
Total ram usage:        0 bytes
 Hardware stack levels required when called:    2
 This function calls:
		_display_time
		_get_time
		_port_init
		_rtc_init
		_set_time
 This function is called by:
		Startup code after reset
 This function uses a non-reentrant model


 *************** function _set_time *****************
 Defined at:
		line 82 in file "newmain.c"
 Parameters:    Size  Location     Type
		None
 Auto vars:     Size  Location     Type
  i               2    5[COMMON] int 
 Return value:  Size  Location     Type
                  1    wreg      void 
 Registers used:
		wreg, fsr0l, fsr0h, status,2, status,0, btemp+1, pclath, cstack
 Tracked objects:
		On entry : 
		On exit  : 
		Unchanged: 
 Data sizes:     COMMON   BANK0   BANK1   BANK3   BANK2
      Params:         0       0       0       0       0
      Locals:         2       0       0       0       0
      Temps:          0       0       0       0       0
      Totals:         2       0       0       0       0
Total ram usage:        2 bytes
 Hardware stack levels used:    1
 Hardware stack levels required when called:    1
 This function calls:
		_write_byte
 This function is called by:
		_main
 This function uses a non-reentrant model


 *************** function _rtc_init *****************
 Defined at:
		line 71 in file "newmain.c"
 Parameters:    Size  Location     Type
		None
 Auto vars:     Size  Location     Type
		None
 Return value:  Size  Location     Type
                  1    wreg      void 
 Registers used:
		wreg, status,2, status,0, btemp+1, pclath, cstack
 Tracked objects:
		On entry : 
		On exit  : 
		Unchanged: 
 Data sizes:     COMMON   BANK0   BANK1   BANK3   BANK2
      Params:         0       0       0       0       0
      Locals:         0       0       0       0       0
      Temps:          0       0       0       0       0
      Totals:         0       0       0       0       0
Total ram usage:        0 bytes
 Hardware stack levels used:    1
 Hardware stack levels required when called:    1
 This function calls:
		_write_byte
 This function is called by:
		_main
 This function uses a non-reentrant model


 *************** function _port_init *****************
 Defined at:
		line 59 in file "newmain.c"
 Parameters:    Size  Location     Type
		None
 Auto vars:     Size  Location     Type
		None
 Return value:  Size  Location     Type
                  1    wreg      void 
 Registers used:
		wreg, status,2
 Tracked objects:
		On entry : 
		On exit  : 
		Unchanged: 
 Data sizes:     COMMON   BANK0   BANK1   BANK3   BANK2
      Params:         0       0       0       0       0
      Locals:         0       0       0       0       0
      Temps:          0       0       0       0       0
      Totals:         0       0       0       0       0
Total ram usage:        0 bytes
 Hardware stack levels used:    1
 This function calls:
		Nothing
 This function is called by:
		_main
 This function uses a non-reentrant model


 *************** function _get_time *****************
 Defined at:
		line 105 in file "newmain.c"
 Parameters:    Size  Location     Type
		None
 Auto vars:     Size  Location     Type
  i               2    6[COMMON] int 
 Return value:  Size  Location     Type
                  1    wreg      void 
 Registers used:
		wreg, fsr0l, fsr0h, status,2, status,0, btemp+1, pclath, cstack
 Tracked objects:
		On entry : 
		On exit  : 
		Unchanged: 
 Data sizes:     COMMON   BANK0   BANK1   BANK3   BANK2
      Params:         0       0       0       0       0
      Locals:         2       0       0       0       0
      Temps:          1       0       0       0       0
      Totals:         3       0       0       0       0
Total ram usage:        3 bytes
 Hardware stack levels used:    1
 Hardware stack levels required when called:    1
 This function calls:
		_read_byte
		_write_byte
 This function is called by:
		_main
 This function uses a non-reentrant model


 *************** function _write_byte *****************
 Defined at:
		line 129 in file "newmain.c"
 Parameters:    Size  Location     Type
  time_tx         1    wreg     unsigned char 
 Auto vars:     Size  Location     Type
  time_tx         1    4[COMMON] unsigned char 
  j               2    2[COMMON] int 
 Return value:  Size  Location     Type
                  1    wreg      void 
 Registers used:
		wreg, status,2, status,0, btemp+1
 Tracked objects:
		On entry : 
		On exit  : 
		Unchanged: 
 Data sizes:     COMMON   BANK0   BANK1   BANK3   BANK2
      Params:         0       0       0       0       0
      Locals:         3       0       0       0       0
      Temps:          2       0       0       0       0
      Totals:         5       0       0       0       0
Total ram usage:        5 bytes
 Hardware stack levels used:    1
 This function calls:
		Nothing
 This function is called by:
		_rtc_init
		_set_time
		_get_time
		_set_time_bit
		_get_time_bit
 This function uses a non-reentrant model


 *************** function _read_byte *****************
 Defined at:
		line 147 in file "newmain.c"
 Parameters:    Size  Location     Type
		None
 Auto vars:     Size  Location     Type
  j               2    2[COMMON] int 
 Return value:  Size  Location     Type
                  1    wreg      unsigned char 
 Registers used:
		wreg, status,2, status,0, btemp+1
 Tracked objects:
		On entry : 
		On exit  : 
		Unchanged: 
 Data sizes:     COMMON   BANK0   BANK1   BANK3   BANK2
      Params:         0       0       0       0       0
      Locals:         2       0       0       0       0
      Temps:          2       0       0       0       0
      Totals:         4       0       0       0       0
Total ram usage:        4 bytes
 Hardware stack levels used:    1
 This function calls:
		Nothing
 This function is called by:
		_get_time
		_get_time_bit
 This function uses a non-reentrant model


 *************** function _display_time *****************
 Defined at:
		line 167 in file "newmain.c"
 Parameters:    Size  Location     Type
		None
 Auto vars:     Size  Location     Type
  i               2    4[COMMON] int 
 Return value:  Size  Location     Type
                  1    wreg      void 
 Registers used:
		wreg, fsr0l, fsr0h, status,2, status,0, btemp+1, pclath, cstack
 Tracked objects:
		On entry : 
		On exit  : 
		Unchanged: 
 Data sizes:     COMMON   BANK0   BANK1   BANK3   BANK2
      Params:         0       0       0       0       0
      Locals:         2       0       0       0       0
      Temps:          2       0       0       0       0
      Totals:         4       0       0       0       0
Total ram usage:        4 bytes
 Hardware stack levels used:    1
 Hardware stack levels required when called:    1
 This function calls:
		_delay
 This function is called by:
		_main
 This function uses a non-reentrant model


 *************** function _delay *****************
 Defined at:
		line 164 in file "newmain.c"
 Parameters:    Size  Location     Type
		None
 Auto vars:     Size  Location     Type
  i               2    0[COMMON] int 
 Return value:  Size  Location     Type
                  1    wreg      void 
 Registers used:
		wreg, status,2, btemp+1
 Tracked objects:
		On entry : 
		On exit  : 
		Unchanged: 
 Data sizes:     COMMON   BANK0   BANK1   BANK3   BANK2
      Params:         0       0       0       0       0
      Locals:         2       0       0       0       0
      Temps:          0       0       0       0       0
      Totals:         2       0       0       0       0
Total ram usage:        2 bytes
 Hardware stack levels used:    1
 This function calls:
		Nothing
 This function is called by:
		_display_time
 This function uses a non-reentrant model



MODULE INFORMATION

Module		Function		Class		Link	Load	Size
newmain.c
		_delay         		CODE           	062E	0000	23
		_display_time  		CODE           	0719	0000	215
		_main          		CODE           	0644	0000	30
		_rtc_init      		CODE           	0619	0000	22
		_read_byte     		CODE           	06E9	0000	49
		_get_time      		CODE           	068C	0000	47
		_port_init     		CODE           	0609	0000	17
		_set_time      		CODE           	06BA	0000	48
		_write_byte    		CODE           	0661	0000	44

newmain.c estimated size: 495

shared
		_DAY           		STRING         	0000	0000	0
		_defaults      		STRING         	0013	0000	9
		__stringtab    		STRING         	0003	0000	7
		_HOUR          		STRING         	0000	0000	0
		_SEC           		STRING         	0000	0000	0
		_YEAR          		STRING         	0000	0000	0
		_table2        		STRING         	0009	0000	11
		__initialization		CODE           	07EF	0000	14
		_MONTH         		STRING         	0000	0000	0
		_CTRL          		STRING         	0000	0000	0
		_DATE          		STRING         	0000	0000	0
		_MIN           		STRING         	0000	0000	0

shared estimated size: 41

