Microchip MPLAB XC8 Compiler V2.10 ()

Linker command line:

-W-3 --edf=C:\Program Files (x86)\Microchip\xc8\v2.10\pic\dat\en_msgs.txt \
  -cs -h+dist/default/production\Lab6.X.production.sym \
  --cmf=dist/default/production\Lab6.X.production.cmf -z -Q16F877A \
  -oC:\Users\Zak\AppData\Local\Temp\s14dc.2 --defsym=__MPLAB_BUILD=1 \
  -Mdist/default/production/Lab6.X.production.map -E1 -ver=XC8 --acfsm=1493 \
  -ASTACK=0110h-016Fh -pstack=STACK -ACODE=00h-07FFhx4 -ASTRCODE=00h-01FFFh \
  -ASTRING=00h-0FFhx32 -ACONST=00h-0FFhx32 -AENTRY=00h-0FFhx32 \
  -ACOMMON=070h-07Fh -ABANK0=020h-06Fh -ABANK1=0A0h-0EFh \
  -ABANK2=0110h-016Fh -ABANK3=0190h-01EFh \
  -ARAM=020h-06Fh,0A0h-0EFh,0110h-016Fh,0190h-01EFh \
  -AABS1=020h-07Fh,0A0h-0EFh,0110h-016Fh,0190h-01EFh -ASFR0=00h-01Fh \
  -ASFR1=080h-09Fh -ASFR2=0100h-010Fh -ASFR3=0180h-018Fh \
  -preset_vec=00h,intentry,init,end_init -ppowerup=CODE -pcinit=CODE \
  -pfunctab=ENTRY -ACONFIG=02007h-02007h -pconfig=CONFIG -DCONFIG=2 \
  -AIDLOC=02000h-02003h -pidloc=IDLOC -DIDLOC=2 -AEEDATA=00h-0FFh/02100h \
  -peeprom_data=EEDATA -DEEDATA=2 -DCODE=2 -DSTRCODE=2 -DSTRING=2 -DCONST=2 \
  -DENTRY=2 -k C:\Users\Zak\AppData\Local\Temp\s14dc.o \
  dist/default/production\Lab6.X.production.o 

Object code version is 3.11

Machine type is 16F877A



                Name                               Link     Load   Length Selector   Space Scale
C:\Users\Zak\AppData\Local\Temp\s14dc.o
                end_init                              0        0        3        0       0
                config                             2007     2007        1     400E       0
dist/default/production\Lab6.X.production.o
                cinit                               7E1      7E1       1F      FC2       0
                text7                               6B6      6B6        A      D6C       0
                text6                               6FD      6FD       18      DFA       0
                text5                               6D3      6D3       15      DA6       0
                text4                               79B      79B       46      F36       0
                text3                               715      715       1C      E2A       0
                text2                               6E8      6E8       15      DD0       0
                text1                               76F      76F       2C      EDE       0
                maintext                            74F      74F       20      E9E       0
                cstackCOMMON                         70       70        E       70       1
                inittext                            6C0      6C0       13      D80       0
                dataBANK0                            20       20       1E       20       1
                bssBANK0                             3E       3E        D       20       1
                strings                               3        3       14        6       0
                idataBANK0                          731      731       1E      E62       0

TOTAL           Name                               Link     Load   Length     Space
        CLASS   STACK          

        CLASS   CODE           
                end_init                              0        0        3         0
                cinit                               7E1      7E1       1F         0
                text7                               6B6      6B6        A         0
                text6                               6FD      6FD       18         0
                text5                               6D3      6D3       15         0
                text4                               79B      79B       46         0
                text3                               715      715       1C         0
                text2                               6E8      6E8       15         0
                text1                               76F      76F       2C         0
                maintext                            74F      74F       20         0
                inittext                            6C0      6C0       13         0
                idataBANK0                          731      731       1E         0

        CLASS   STRCODE        

        CLASS   STRING         
                strings                               3        3       14         0

        CLASS   CONST          

        CLASS   ENTRY          

        CLASS   COMMON         
                cstackCOMMON                         70       70        E         1

        CLASS   BANK0          
                dataBANK0                            20       20       1E         1
                bssBANK0                             3E       3E        D         1

        CLASS   BANK1          

        CLASS   BANK2          

        CLASS   BANK3          

        CLASS   RAM            

        CLASS   ABS1           
                abs_s1                               7E       7E        2         1

        CLASS   SFR0           

        CLASS   SFR1           

        CLASS   SFR2           

        CLASS   SFR3           

        CLASS   CONFIG         
                config                             2007     2007        1         0

        CLASS   IDLOC          

        CLASS   EEDATA         



SEGMENTS        Name                           Load    Length   Top    Selector   Space  Class     Delta

                reset_vec                      000000  000003  000003         0       0  CODE        2
                strings                        000003  000014  000017         6       0  STRING      2
                dataBANK0                      000020  00002B  00004B        20       1  BANK0       1
                cstackCOMMON                   000070  00000E  00007E        70       1  COMMON      1
                text7                          0006B6  00000A  0006C0       D6C       0  CODE        2
                inittext                       0006C0  000013  0006D3       D80       0  CODE        2
                text5                          0006D3  000015  0006E8       DA6       0  CODE        2
                text2                          0006E8  000015  0006FD       DD0       0  CODE        2
                text6                          0006FD  000018  000715       DFA       0  CODE        2
                text3                          000715  00001C  000731       E2A       0  CODE        2
                idataBANK0                     000731  00001E  00074F       E62       0  CODE        2
                maintext                       00074F  000020  00076F       E9E       0  CODE        2
                text1                          00076F  00002C  00079B       EDE       0  CODE        2
                text4                          00079B  000046  0007E1       F36       0  CODE        2
                cinit                          0007E1  00001F  000800       FC2       0  CODE        2
                config                         002007  000001  002008      400E       0  CONFIG      2


UNUSED ADDRESS RANGES

        Name                Unused          Largest block    Delta
        BANK0            004B-006F             25           1
        BANK1            00A0-00EF             50           1
        BANK2            0110-016F             60           1
        BANK3            0190-01EF             60           1
        CODE             0017-06B5            69F           2
                         0800-1FFF            800
        CONST            0017-06B5            100           2
                         0800-1FFF            100
        EEDATA           2100-21FF            100           2
        ENTRY            0017-06B5            100           2
                         0800-1FFF            100
        IDLOC            2000-2003              4           2
        RAM              004B-006F             25           1
                         00A0-00EF             50
                         0110-016F             60
                         0190-01EF             60
        SFR0             0000-001F             20           1
        SFR1             0080-009F             20           1
        SFR2             0100-010F             10           1
        SFR3             0180-018F             10           1
        STACK            0110-016F             60           1
        STRCODE          0017-06B5            69F           2
                         0800-1FFF           1800
        STRING           0017-06B5            100           2
                         0800-1FFF            100

                                  Symbol Table

?_strlen                 cstackCOMMON 0070
_ADCON1                  (abs)        009F
_PORTA                   (abs)        0005
_PORTD                   (abs)        0008
_RA0                     (abs)        0028
_RA2                     (abs)        002A
_RA3                     (abs)        002B
_RA4                     (abs)        002C
_RA5                     (abs)        002D
_RB0                     (abs)        0030
_THV                     bssBANK0     0049
_TLV                     bssBANK0     004A
_TRISA                   (abs)        0085
_TRISB0                  (abs)        0430
_TRISD                   (abs)        0088
_TX                      bssBANK0     0047
_TZ                      bssBANK0     0048
__CFG_BOREN$OFF          (abs)        0000
__CFG_FOSC$HS            (abs)        0000
__CFG_LVP$OFF            (abs)        0000
__CFG_PWRTE$ON           (abs)        0000
__CFG_WDTE$OFF           (abs)        0000
__Habs1                  abs1         0000
__Hbank0                 bank0        0000
__Hbank1                 bank1        0000
__Hbank2                 bank2        0000
__Hbank3                 bank3        0000
__HbssBANK0              bssBANK0     0000
__Hcinit                 cinit        0800
__Hclrtext               clrtext      0000
__Hcode                  code         0000
__Hcommon                common       0000
__Hconfig                config       2008
__HcstackCOMMON          cstackCOMMON 0000
__HdataBANK0             dataBANK0    0000
__Heeprom_data           eeprom_data  0000
__Hend_init              end_init     0003
__Hfunctab               functab      0000
__HidataBANK0            idataBANK0   0000
__Hidloc                 idloc        0000
__Hinit                  init         0000
__Hinittext              inittext     0000
__Hintentry              intentry     0000
__Hmaintext              maintext     0000
__Hpowerup               powerup      0000
__Hram                   ram          0000
__Hreset_vec             reset_vec    0000
__Hsfr0                  sfr0         0000
__Hsfr1                  sfr1         0000
__Hsfr2                  sfr2         0000
__Hsfr3                  sfr3         0000
__Hspace_0               (abs)        2008
__Hspace_1               (abs)        007E
__Hspace_2               (abs)        0000
__Hspace_3               (abs)        0000
__Hstack                 stack        0000
__Hstrings               strings      0000
__Htext                  text         0000
__Labs1                  abs1         0000
__Lbank0                 bank0        0000
__Lbank1                 bank1        0000
__Lbank2                 bank2        0000
__Lbank3                 bank3        0000
__LbssBANK0              bssBANK0     0000
__Lcinit                 cinit        07E1
__Lclrtext               clrtext      0000
__Lcode                  code         0000
__Lcommon                common       0000
__Lconfig                config       2007
__LcstackCOMMON          cstackCOMMON 0000
__LdataBANK0             dataBANK0    0000
__Leeprom_data           eeprom_data  0000
__Lend_init              end_init     0000
__Lfunctab               functab      0000
__LidataBANK0            idataBANK0   0000
__Lidloc                 idloc        0000
__Linit                  init         0000
__Linittext              inittext     0000
__Lintentry              intentry     0000
__Lmaintext              maintext     0000
__Lpowerup               powerup      0000
__Lram                   ram          0000
__Lreset_vec             reset_vec    0000
__Lsfr0                  sfr0         0000
__Lsfr1                  sfr1         0000
__Lsfr2                  sfr2         0000
__Lsfr3                  sfr3         0000
__Lspace_0               (abs)        0000
__Lspace_1               (abs)        0000
__Lspace_2               (abs)        0000
__Lspace_3               (abs)        0000
__Lstack                 stack        0000
__Lstrings               strings      0000
__Ltext                  text         0000
__S0                     (abs)        2008
__S1                     (abs)        007E
__S2                     (abs)        0000
__S3                     (abs)        0000
___int_sp                stack        0000
___latbits               (abs)        0002
___sp                    stack        0000
___stackhi               (abs)        0000
___stacklo               (abs)        0000
__end_of__initialization cinit        07FC
__end_of__stringtab      strings      0009
__end_of_delay           text6        0715
__end_of_init            text7        06C0
__end_of_main            maintext     076F
__end_of_setCursorPos    text4        07E1
__end_of_strlen          text3        0731
__end_of_writeString     text1        079B
__end_of_writechar       text2        06FD
__end_of_writecmd        text5        06E8
__end_ofsetCursorPos@ln1 strings      0011
__end_ofsetCursorPos@ln2 strings      000F
__end_ofsetCursorPos@ln3 strings      000D
__end_ofsetCursorPos@ln4 strings      000B
__initialization         cinit        07E1
__pbssBANK0              bssBANK0     003E
__pcstackCOMMON          cstackCOMMON 0070
__pdataBANK0             dataBANK0    0020
__pidataBANK0            idataBANK0   0731
__pmaintext              maintext     074F
__pstrings               strings      0003
__ptext1                 text1        076F
__ptext2                 text2        06E8
__ptext3                 text3        0715
__ptext4                 text4        079B
__ptext5                 text5        06D3
__ptext6                 text6        06FD
__ptext7                 text7        06B6
__size_of_delay          (abs)        0000
__size_of_init           (abs)        0000
__size_of_main           (abs)        0000
__size_of_setCursorPos   (abs)        0000
__size_of_strlen         (abs)        0000
__size_of_writeString    (abs)        0000
__size_of_writechar      (abs)        0000
__size_of_writecmd       (abs)        0000
__stringbase             strings      0008
__stringtab              strings      0003
_delay                   text6        06FD
_init                    text7        06B6
_intEntries              bssBANK0     0045
_main                    maintext     074F
_pt10                    bssBANK0     0044
_pt100                   bssBANK0     0043
_pt1000                  bssBANK0     0042
_pt10000                 bssBANK0     0041
_setCursorPos            text4        079B
_strlen                  text3        0715
_t430us                  dataBANK0    0036
_t503us                  dataBANK0    003A
_t63us                   dataBANK0    002E
_t70us                   dataBANK0    0032
_tUKus                   dataBANK0    002A
_table                   dataBANK0    0020
_tens                    bssBANK0     0046
_wd                      bssBANK0     003E
_writeString             text1        076F
_writechar               text2        06E8
_writecmd                text5        06D3
btemp                    (abs)        007E
delay@i                  cstackCOMMON 0073
delay@t                  cstackCOMMON 0070
end_of_initialization    cinit        07FC
init_fetch0              inittext     06C0
init_ram0                inittext     06C4
intlevel0                functab      0000
intlevel1                functab      0000
intlevel2                functab      0000
intlevel3                functab      0000
intlevel4                functab      0000
intlevel5                functab      0000
main@str                 cstackCOMMON 007D
read_byte@j              bssBANK0     0040
reset_vec                reset_vec    0000
setCursorPos@addr        cstackCOMMON 007A
setCursorPos@lineN       cstackCOMMON 0076
setCursorPos@pos         cstackCOMMON 0078
start                    init         0000
start_initialization     cinit        07E1
strlen@a                 cstackCOMMON 0073
strlen@len               cstackCOMMON 0074
writeString@i            cstackCOMMON 0077
writeString@str          cstackCOMMON 0079
writechar@x              cstackCOMMON 0075
writecmd@x               cstackCOMMON 0075
wtemp0                   (abs)        007E


FUNCTION INFORMATION:

 *************** function _main *****************
 Defined at:
		line 287 in file "newmain.c"
 Parameters:    Size  Location     Type
		None
 Auto vars:     Size  Location     Type
  str             1   13[COMMON] PTR unsigned char 
		 -> STR_1(6), 
 Return value:  Size  Location     Type
                  1    wreg      void 
 Registers used:
		wreg, fsr0l, fsr0h, status,2, status,0, pclath, cstack
 Tracked objects:
		On entry : 
		On exit  : 
		Unchanged: 
 Data sizes:     COMMON   BANK0   BANK1   BANK3   BANK2
      Params:         0       0       0       0       0
      Locals:         1       0       0       0       0
      Temps:          1       0       0       0       0
      Totals:         2       0       0       0       0
Total ram usage:        2 bytes
 Hardware stack levels required when called:    3
 This function calls:
		_init
		_setCursorPos
		_writeString
 This function is called by:
		Startup code after reset
 This function uses a non-reentrant model


 *************** function _writeString *****************
 Defined at:
		line 103 in file "newmain.c"
 Parameters:    Size  Location     Type
  str             1    wreg     PTR unsigned char 
		 -> STR_1(6), 
 Auto vars:     Size  Location     Type
  str             1    9[COMMON] PTR unsigned char 
		 -> STR_1(6), 
  i               2    7[COMMON] int 
 Return value:  Size  Location     Type
                  1    wreg      void 
 Registers used:
		wreg, fsr0l, fsr0h, status,2, status,0, pclath, cstack
 Tracked objects:
		On entry : 
		On exit  : 
		Unchanged: 
 Data sizes:     COMMON   BANK0   BANK1   BANK3   BANK2
      Params:         0       0       0       0       0
      Locals:         3       0       0       0       0
      Temps:          1       0       0       0       0
      Totals:         4       0       0       0       0
Total ram usage:        4 bytes
 Hardware stack levels used:    1
 Hardware stack levels required when called:    2
 This function calls:
		_strlen
		_writechar
 This function is called by:
		_main
 This function uses a non-reentrant model


 *************** function _writechar *****************
 Defined at:
		line 67 in file "newmain.c"
 Parameters:    Size  Location     Type
  x               1    wreg     unsigned char 
 Auto vars:     Size  Location     Type
  x               1    5[COMMON] unsigned char 
 Return value:  Size  Location     Type
                  1    wreg      void 
 Registers used:
		wreg, status,2, status,0, pclath, cstack
 Tracked objects:
		On entry : 
		On exit  : 
		Unchanged: 
 Data sizes:     COMMON   BANK0   BANK1   BANK3   BANK2
      Params:         0       0       0       0       0
      Locals:         1       0       0       0       0
      Temps:          0       0       0       0       0
      Totals:         1       0       0       0       0
Total ram usage:        1 bytes
 Hardware stack levels used:    1
 Hardware stack levels required when called:    1
 This function calls:
		_delay
 This function is called by:
		_writeString
 This function uses a non-reentrant model


 *************** function _strlen *****************
 Defined at:
		line 96 in file "newmain.c"
 Parameters:    Size  Location     Type
  a               1    wreg     PTR unsigned char 
		 -> STR_1(6), 
 Auto vars:     Size  Location     Type
  a               1    3[COMMON] PTR unsigned char 
		 -> STR_1(6), 
  len             2    4[COMMON] int 
 Return value:  Size  Location     Type
                  2    0[COMMON] int 
 Registers used:
		wreg, fsr0l, fsr0h, status,2, status,0, pclath
 Tracked objects:
		On entry : 
		On exit  : 
		Unchanged: 
 Data sizes:     COMMON   BANK0   BANK1   BANK3   BANK2
      Params:         3       0       0       0       0
      Locals:         3       0       0       0       0
      Temps:          0       0       0       0       0
      Totals:         6       0       0       0       0
Total ram usage:        6 bytes
 Hardware stack levels used:    2
 This function calls:
		Nothing
 This function is called by:
		_writeString
 This function uses a non-reentrant model


 *************** function _setCursorPos *****************
 Defined at:
		line 109 in file "newmain.c"
 Parameters:    Size  Location     Type
  lineN           2    6[COMMON] int 
  pos             2    8[COMMON] int 
 Auto vars:     Size  Location     Type
  addr            2   10[COMMON] int 
 Return value:  Size  Location     Type
                  1    wreg      void 
 Registers used:
		wreg, status,2, status,0, pclath, cstack
 Tracked objects:
		On entry : 
		On exit  : 
		Unchanged: 
 Data sizes:     COMMON   BANK0   BANK1   BANK3   BANK2
      Params:         4       0       0       0       0
      Locals:         2       0       0       0       0
      Temps:          0       0       0       0       0
      Totals:         6       0       0       0       0
Total ram usage:        6 bytes
 Hardware stack levels used:    1
 Hardware stack levels required when called:    2
 This function calls:
		_writecmd
 This function is called by:
		_main
 This function uses a non-reentrant model


 *************** function _writecmd *****************
 Defined at:
		line 79 in file "newmain.c"
 Parameters:    Size  Location     Type
  x               1    wreg     unsigned char 
 Auto vars:     Size  Location     Type
  x               1    5[COMMON] unsigned char 
 Return value:  Size  Location     Type
                  1    wreg      void 
 Registers used:
		wreg, status,2, status,0, pclath, cstack
 Tracked objects:
		On entry : 
		On exit  : 
		Unchanged: 
 Data sizes:     COMMON   BANK0   BANK1   BANK3   BANK2
      Params:         0       0       0       0       0
      Locals:         1       0       0       0       0
      Temps:          0       0       0       0       0
      Totals:         1       0       0       0       0
Total ram usage:        1 bytes
 Hardware stack levels used:    1
 Hardware stack levels required when called:    1
 This function calls:
		_delay
 This function is called by:
		_setCursorPos
		_lcd_init
 This function uses a non-reentrant model


 *************** function _delay *****************
 Defined at:
		line 90 in file "newmain.c"
 Parameters:    Size  Location     Type
  t               2    0[COMMON] int 
 Auto vars:     Size  Location     Type
  i               2    3[COMMON] int 
 Return value:  Size  Location     Type
                  1    wreg      void 
 Registers used:
		wreg, status,2
 Tracked objects:
		On entry : 
		On exit  : 
		Unchanged: 
 Data sizes:     COMMON   BANK0   BANK1   BANK3   BANK2
      Params:         2       0       0       0       0
      Locals:         2       0       0       0       0
      Temps:          1       0       0       0       0
      Totals:         5       0       0       0       0
Total ram usage:        5 bytes
 Hardware stack levels used:    1
 This function calls:
		Nothing
 This function is called by:
		_writechar
		_writecmd
 This function uses a non-reentrant model


 *************** function _init *****************
 Defined at:
		line 48 in file "newmain.c"
 Parameters:    Size  Location     Type
		None
 Auto vars:     Size  Location     Type
		None
 Return value:  Size  Location     Type
                  1    wreg      void 
 Registers used:
		wreg, status,2
 Tracked objects:
		On entry : 
		On exit  : 
		Unchanged: 
 Data sizes:     COMMON   BANK0   BANK1   BANK3   BANK2
      Params:         0       0       0       0       0
      Locals:         0       0       0       0       0
      Temps:          0       0       0       0       0
      Totals:         0       0       0       0       0
Total ram usage:        0 bytes
 Hardware stack levels used:    1
 This function calls:
		Nothing
 This function is called by:
		_main
 This function uses a non-reentrant model



MODULE INFORMATION

Module		Function		Class		Link	Load	Size
newmain.c
		_writeString   		CODE           	076F	0000	45
		_init          		CODE           	06B6	0000	11
		_delay         		CODE           	06FD	0000	25
		_strlen        		CODE           	0715	0000	29
		_writechar     		CODE           	06E8	0000	22
		_main          		CODE           	074F	0000	33
		_writecmd      		CODE           	06D3	0000	22
		_setCursorPos  		CODE           	079B	0000	71

newmain.c estimated size: 258

shared
		__stringtab    		STRING         	0003	0000	7
		__initialization		CODE           	07E1	0000	28
		setCursorPos@ln1		STRING         	0000	0000	0
		setCursorPos@ln2		STRING         	0000	0000	0
		setCursorPos@ln3		STRING         	0000	0000	0
		setCursorPos@ln4		STRING         	0000	0000	0

shared estimated size: 35

