Microchip MPLAB XC8 Compiler V2.10 ()

Linker command line:

-W-3 --edf=C:\Program Files (x86)\Microchip\xc8\v2.10\pic\dat\en_msgs.txt \
  -cs -h+dist/default/production\ACW.X.production.sym \
  --cmf=dist/default/production\ACW.X.production.cmf -z -Q16F877A \
  -oC:\Users\Zak\AppData\Local\Temp\sc7k.2 --defsym=__MPLAB_BUILD=1 \
  -Mdist/default/production/ACW.X.production.map -E1 -ver=XC8 --acfsm=1493 \
  -ASTACK=0110h-016Fh -pstack=STACK -ACODE=00h-07FFhx4 -ASTRCODE=00h-01FFFh \
  -ASTRING=00h-0FFhx32 -ACONST=00h-0FFhx32 -AENTRY=00h-0FFhx32 \
  -ACOMMON=070h-07Fh -ABANK0=020h-06Fh -ABANK1=0A0h-0EFh \
  -ABANK2=0110h-016Fh -ABANK3=0190h-01EFh \
  -ARAM=020h-06Fh,0A0h-0EFh,0110h-016Fh,0190h-01EFh \
  -AABS1=020h-07Fh,0A0h-0EFh,0110h-016Fh,0190h-01EFh -ASFR0=00h-01Fh \
  -ASFR1=080h-09Fh -ASFR2=0100h-010Fh -ASFR3=0180h-018Fh \
  -preset_vec=00h,intentry,init,end_init -ppowerup=CODE -pcinit=CODE \
  -pfunctab=ENTRY -ACONFIG=02007h-02007h -pconfig=CONFIG -DCONFIG=2 \
  -AIDLOC=02000h-02003h -pidloc=IDLOC -DIDLOC=2 -AEEDATA=00h-0FFh/02100h \
  -peeprom_data=EEDATA -DEEDATA=2 -DCODE=2 -DSTRCODE=2 -DSTRING=2 -DCONST=2 \
  -DENTRY=2 -k C:\Users\Zak\AppData\Local\Temp\sc7k.o \
  dist/default/production\ACW.X.production.o 

Object code version is 3.11

Machine type is 16F877A



                Name                               Link     Load   Length Selector   Space Scale
C:\Users\Zak\AppData\Local\Temp\sc7k.o
                end_init                              0        0        3        0       0
                config                             2007     2007        1     400E       0
dist/default/production\ACW.X.production.o
                cinit                               7ED      7ED       13      FDA       0
                text16                              673      673       25      CE6       0
                text15                              71D      71D       30      E3A       0
                text14                              698      698       2B      D30       0
                text13                              656      656       1D      CAC       0
                text12                              782      782       6B      F04       0
                text11                              5B7      5B7        B      B6E       0
                text10                              624      624       18      C48       0
                text9                               5E5      5E5       15      BCA       0
                text8                               5A8      5A8        7      B50       0
                text7                               5D2      5D2       13      BA4       0
                text6                               5FA      5FA       15      BF4       0
                text5                               5C2      5C2       10      B84       0
                text4                               6EE      6EE       2F      DDC       0
                text3                               63C      63C       1A      C78       0
                text2                               60F      60F       15      C1E       0
                text1                               6C3      6C3       2B      D86       0
                maintext                            74D      74D       35      E9A       0
                cstackBANK0                          32       32        9       20       1
                cstackCOMMON                         70       70        D       70       1
                clrtext                             5AF      5AF        8      B5E       0
                bssBANK0                             20       20       12       20       1
                dataCOMMON                           7D       7D        1       70       1
                strings                               3        3       1E        6       0
                idataCOMMON                         5A7      5A7        1      B4E       0

TOTAL           Name                               Link     Load   Length     Space
        CLASS   STACK          

        CLASS   CODE           
                end_init                              0        0        3         0
                cinit                               7ED      7ED       13         0
                text16                              673      673       25         0
                text15                              71D      71D       30         0
                text14                              698      698       2B         0
                text13                              656      656       1D         0
                text12                              782      782       6B         0
                text11                              5B7      5B7        B         0
                text10                              624      624       18         0
                text9                               5E5      5E5       15         0
                text8                               5A8      5A8        7         0
                text7                               5D2      5D2       13         0
                text6                               5FA      5FA       15         0
                text5                               5C2      5C2       10         0
                text4                               6EE      6EE       2F         0
                text3                               63C      63C       1A         0
                text2                               60F      60F       15         0
                text1                               6C3      6C3       2B         0
                maintext                            74D      74D       35         0
                clrtext                             5AF      5AF        8         0
                idataCOMMON                         5A7      5A7        1         0

        CLASS   STRCODE        

        CLASS   STRING         
                strings                               3        3       1E         0

        CLASS   CONST          

        CLASS   ENTRY          

        CLASS   COMMON         
                cstackCOMMON                         70       70        D         1
                dataCOMMON                           7D       7D        1         1

        CLASS   BANK0          
                cstackBANK0                          32       32        9         1
                bssBANK0                             20       20       12         1

        CLASS   BANK1          

        CLASS   BANK2          

        CLASS   BANK3          

        CLASS   RAM            

        CLASS   ABS1           
                abs_s1                               7E       7E        2         1

        CLASS   SFR0           

        CLASS   SFR1           

        CLASS   SFR2           

        CLASS   SFR3           

        CLASS   CONFIG         
                config                             2007     2007        1         0

        CLASS   IDLOC          

        CLASS   EEDATA         



SEGMENTS        Name                           Load    Length   Top    Selector   Space  Class     Delta

                reset_vec                      000000  000003  000003         0       0  CODE        2
                strings                        000003  00001E  000021         6       0  STRING      2
                bssBANK0                       000020  00001B  00003B        20       1  BANK0       1
                cstackCOMMON                   000070  00000E  00007E        70       1  COMMON      1
                idataCOMMON                    0005A7  000001  0005A8       B4E       0  CODE        2
                text8                          0005A8  000007  0005AF       B50       0  CODE        2
                clrtext                        0005AF  000008  0005B7       B5E       0  CODE        2
                text11                         0005B7  00000B  0005C2       B6E       0  CODE        2
                text5                          0005C2  000010  0005D2       B84       0  CODE        2
                text7                          0005D2  000013  0005E5       BA4       0  CODE        2
                text9                          0005E5  000015  0005FA       BCA       0  CODE        2
                text6                          0005FA  000015  00060F       BF4       0  CODE        2
                text2                          00060F  000015  000624       C1E       0  CODE        2
                text10                         000624  000018  00063C       C48       0  CODE        2
                text3                          00063C  00001A  000656       C78       0  CODE        2
                text13                         000656  00001D  000673       CAC       0  CODE        2
                text16                         000673  000025  000698       CE6       0  CODE        2
                text14                         000698  00002B  0006C3       D30       0  CODE        2
                text1                          0006C3  00002B  0006EE       D86       0  CODE        2
                text4                          0006EE  00002F  00071D       DDC       0  CODE        2
                text15                         00071D  000030  00074D       E3A       0  CODE        2
                maintext                       00074D  000035  000782       E9A       0  CODE        2
                text12                         000782  00006B  0007ED       F04       0  CODE        2
                cinit                          0007ED  000013  000800       FDA       0  CODE        2
                config                         002007  000001  002008      400E       0  CONFIG      2


UNUSED ADDRESS RANGES

        Name                Unused          Largest block    Delta
        BANK0            003B-006F             35           1
        BANK1            00A0-00EF             50           1
        BANK2            0110-016F             60           1
        BANK3            0190-01EF             60           1
        CODE             0021-05A6            586           2
                         0800-1FFF            800
        CONST            0021-05A6            100           2
                         0800-1FFF            100
        EEDATA           2100-21FF            100           2
        ENTRY            0021-05A6            100           2
                         0800-1FFF            100
        IDLOC            2000-2003              4           2
        RAM              003B-006F             35           1
                         00A0-00EF             50
                         0110-016F             60
                         0190-01EF             60
        SFR0             0000-001F             20           1
        SFR1             0080-009F             20           1
        SFR2             0100-010F             10           1
        SFR3             0180-018F             10           1
        STACK            0110-016F             60           1
        STRCODE          0021-05A6            586           2
                         0800-1FFF           1800
        STRING           0021-05A6            100           2
                         0800-1FFF            100

                                  Symbol Table

?_strlen                         cstackCOMMON 0070
_ADCON1                          (abs)        009F
_OPTION_REG                      (abs)        0081
_PORTA                           (abs)        0005
_PORTD                           (abs)        0008
_RA2                             (abs)        002A
_RA3                             (abs)        002B
_RA4                             (abs)        002C
_RA5                             (abs)        002D
_RB0                             (abs)        0030
_RB4                             (abs)        0034
_RB5                             (abs)        0035
_TRISA                           (abs)        0085
_TRISB                           (abs)        0086
_TRISB4                          (abs)        0434
_TRISC                           (abs)        0087
_TRISD                           (abs)        0088
__CFG_BOREN$OFF                  (abs)        0000
__CFG_FOSC$HS                    (abs)        0000
__CFG_LVP$OFF                    (abs)        0000
__CFG_PWRTE$ON                   (abs)        0000
__CFG_WDTE$OFF                   (abs)        0000
__Habs1                          abs1         0000
__Hbank0                         bank0        0000
__Hbank1                         bank1        0000
__Hbank2                         bank2        0000
__Hbank3                         bank3        0000
__HbssBANK0                      bssBANK0     0000
__Hcinit                         cinit        0800
__Hclrtext                       clrtext      0000
__Hcode                          code         0000
__Hcommon                        common       0000
__Hconfig                        config       2008
__HcstackBANK0                   cstackBANK0  0000
__HcstackCOMMON                  cstackCOMMON 0000
__HdataCOMMON                    dataCOMMON   0000
__Heeprom_data                   eeprom_data  0000
__Hend_init                      end_init     0003
__Hfunctab                       functab      0000
__HidataCOMMON                   idataCOMMON  0000
__Hidloc                         idloc        0000
__Hinit                          init         0000
__Hintentry                      intentry     0000
__Hmaintext                      maintext     0000
__Hpowerup                       powerup      0000
__Hram                           ram          0000
__Hreset_vec                     reset_vec    0000
__Hsfr0                          sfr0         0000
__Hsfr1                          sfr1         0000
__Hsfr2                          sfr2         0000
__Hsfr3                          sfr3         0000
__Hspace_0                       (abs)        2008
__Hspace_1                       (abs)        007E
__Hspace_2                       (abs)        0000
__Hspace_3                       (abs)        0000
__Hstack                         stack        0000
__Hstrings                       strings      0000
__Htext                          text         0000
__Labs1                          abs1         0000
__Lbank0                         bank0        0000
__Lbank1                         bank1        0000
__Lbank2                         bank2        0000
__Lbank3                         bank3        0000
__LbssBANK0                      bssBANK0     0000
__Lcinit                         cinit        07ED
__Lclrtext                       clrtext      0000
__Lcode                          code         0000
__Lcommon                        common       0000
__Lconfig                        config       2007
__LcstackBANK0                   cstackBANK0  0000
__LcstackCOMMON                  cstackCOMMON 0000
__LdataCOMMON                    dataCOMMON   0000
__Leeprom_data                   eeprom_data  0000
__Lend_init                      end_init     0000
__Lfunctab                       functab      0000
__LidataCOMMON                   idataCOMMON  0000
__Lidloc                         idloc        0000
__Linit                          init         0000
__Lintentry                      intentry     0000
__Lmaintext                      maintext     0000
__Lpowerup                       powerup      0000
__Lram                           ram          0000
__Lreset_vec                     reset_vec    0000
__Lsfr0                          sfr0         0000
__Lsfr1                          sfr1         0000
__Lsfr2                          sfr2         0000
__Lsfr3                          sfr3         0000
__Lspace_0                       (abs)        0000
__Lspace_1                       (abs)        0000
__Lspace_2                       (abs)        0000
__Lspace_3                       (abs)        0000
__Lstack                         stack        0000
__Lstrings                       strings      0000
__Ltext                          text         0000
__S0                             (abs)        2008
__S1                             (abs)        007E
__S2                             (abs)        0000
__S3                             (abs)        0000
___int_sp                        stack        0000
___latbits                       (abs)        0002
___sp                            stack        0000
___stackhi                       (abs)        0000
___stacklo                       (abs)        0000
__end_of_CTRL                    strings      001A
__end_of_DATE                    strings      001E
__end_of_DAY                     strings      001C
__end_of_HOUR                    strings      001F
__end_of_MIN                     strings      0020
__end_of_MONTH                   strings      001D
__end_of_SEC                     strings      0021
__end_of_YEAR                    strings      001B
__end_of__initialization         cinit        07FC
__end_of__stringtab              strings      0009
__end_of_convert_bcd_to_string   text16       0698
__end_of_defaults                strings      0011
__end_of_delay                   text10       063C
__end_of_get_time_as_string      text12       07ED
__end_of_get_time_bit_as_string  text13       0673
__end_of_init                    text11       05C2
__end_of_lcd_clear               text8        05AF
__end_of_lcd_init                text7        05E5
__end_of_main                    maintext     0782
__end_of_read_byte               text15       074D
__end_of_rtc_init                text6        060F
__end_of_rtc_port_init           text5        05D2
__end_of_set_time                text4        071D
__end_of_strlen                  text3        0656
__end_of_writeString             text1        06EE
__end_of_write_byte              text14       06C3
__end_of_writechar               text2        0624
__end_of_writecmd                text9        05FA
__end_ofsetCursorPos@ln1         strings      0019
__end_ofsetCursorPos@ln2         strings      0017
__end_ofsetCursorPos@ln3         strings      0015
__end_ofsetCursorPos@ln4         strings      0013
__initialization                 cinit        07ED
__pbssBANK0                      bssBANK0     0020
__pcstackBANK0                   cstackBANK0  0032
__pcstackCOMMON                  cstackCOMMON 0070
__pdataCOMMON                    dataCOMMON   007D
__pidataCOMMON                   idataCOMMON  05A7
__pmaintext                      maintext     074D
__pstrings                       strings      0003
__ptext1                         text1        06C3
__ptext10                        text10       0624
__ptext11                        text11       05B7
__ptext12                        text12       0782
__ptext13                        text13       0656
__ptext14                        text14       0698
__ptext15                        text15       071D
__ptext16                        text16       0673
__ptext2                         text2        060F
__ptext3                         text3        063C
__ptext4                         text4        06EE
__ptext5                         text5        05C2
__ptext6                         text6        05FA
__ptext7                         text7        05D2
__ptext8                         text8        05A8
__ptext9                         text9        05E5
__size_of_convert_bcd_to_string  (abs)        0000
__size_of_delay                  (abs)        0000
__size_of_get_time_as_string     (abs)        0000
__size_of_get_time_bit_as_string (abs)        0000
__size_of_init                   (abs)        0000
__size_of_lcd_clear              (abs)        0000
__size_of_lcd_init               (abs)        0000
__size_of_main                   (abs)        0000
__size_of_read_byte              (abs)        0000
__size_of_rtc_init               (abs)        0000
__size_of_rtc_port_init          (abs)        0000
__size_of_set_time               (abs)        0000
__size_of_strlen                 (abs)        0000
__size_of_writeString            (abs)        0000
__size_of_write_byte             (abs)        0000
__size_of_writechar              (abs)        0000
__size_of_writecmd               (abs)        0000
__stringbase                     strings      0008
__stringtab                      strings      0003
_convert_bcd_to_string           text16       0673
_defaults                        strings      0009
_delay                           text10       0624
_get_time_as_string              text12       0782
_get_time_bit_as_string          text13       0656
_init                            text11       05B7
_lcd_clear                       text8        05A8
_lcd_init                        text7        05D2
_main                            maintext     074D
_read_byte                       text15       071D
_rtc_init                        text6        05FA
_rtc_port_init                   text5        05C2
_set_time                        text4        06EE
_strlen                          text3        063C
_table1                          bssBANK0     0029
_time_rx                         dataCOMMON   007D
_writeString                     text1        06C3
_write_byte                      text14       0698
_writechar                       text2        060F
_writecmd                        text9        05E5
btemp                            (abs)        007E
clear_ram0                       clrtext      05AF
convert_bcd_to_string@bcd        cstackCOMMON 0077
convert_bcd_to_string@num        cstackCOMMON 0075
convert_bcd_to_string@ones       cstackCOMMON 0073
convert_bcd_to_string@tens       cstackCOMMON 0071
delay@i                          cstackCOMMON 0073
delay@t                          cstackCOMMON 0070
end_of_initialization            cinit        07FC
get_time_as_string@time          cstackBANK0  0032
get_time_bit_as_string@b         cstackCOMMON 0079
get_time_bit_as_string@t         cstackCOMMON 007A
intlevel0                        functab      0000
intlevel1                        functab      0000
intlevel2                        functab      0000
intlevel3                        functab      0000
intlevel4                        functab      0000
intlevel5                        functab      0000
read_byte@j                      cstackCOMMON 0072
reset_vec                        reset_vec    0000
set_time@i                       cstackCOMMON 0075
start                            init         0000
start_initialization             cinit        07ED
strlen@a                         cstackCOMMON 0073
strlen@len                       cstackCOMMON 0074
writeString@i                    cstackCOMMON 0077
writeString@str                  cstackCOMMON 0079
write_byte@j                     cstackCOMMON 0072
write_byte@time_tx               cstackCOMMON 0074
writechar@character              cstackCOMMON 0075
writecmd@command                 cstackCOMMON 0075
wtemp0                           (abs)        007E


FUNCTION INFORMATION:

 *************** function _main *****************
 Defined at:
		line 28 in file "main.c"
 Parameters:    Size  Location     Type
		None
 Auto vars:     Size  Location     Type
		None
 Return value:  Size  Location     Type
                  1    wreg      void 
 Registers used:
		wreg, fsr0l, fsr0h, status,2, status,0, btemp+1, pclath, cstack
 Tracked objects:
		On entry : 
		On exit  : 
		Unchanged: 
 Data sizes:     COMMON   BANK0   BANK1   BANK3   BANK2
      Params:         0       0       0       0       0
      Locals:         0       0       0       0       0
      Temps:          0       0       0       0       0
      Totals:         0       0       0       0       0
Total ram usage:        0 bytes
 Hardware stack levels required when called:    3
 This function calls:
		_delay
		_get_time_as_string
		_init
		_lcd_clear
		_lcd_init
		_rtc_init
		_rtc_port_init
		_set_time
		_writeString
 This function is called by:
		Startup code after reset
 This function uses a non-reentrant model


 *************** function _writeString *****************
 Defined at:
		line 31 in file "lcd_driver.c"
 Parameters:    Size  Location     Type
  str             1    wreg     PTR unsigned char 
		 -> get_time_as_string@time(9), 
 Auto vars:     Size  Location     Type
  str             1    9[COMMON] PTR unsigned char 
		 -> get_time_as_string@time(9), 
  i               2    7[COMMON] int 
 Return value:  Size  Location     Type
                  1    wreg      void 
 Registers used:
		wreg, fsr0l, fsr0h, status,2, status,0, pclath, cstack
 Tracked objects:
		On entry : 
		On exit  : 
		Unchanged: 
 Data sizes:     COMMON   BANK0   BANK1   BANK3   BANK2
      Params:         0       0       0       0       0
      Locals:         3       0       0       0       0
      Temps:          1       0       0       0       0
      Totals:         4       0       0       0       0
Total ram usage:        4 bytes
 Hardware stack levels used:    1
 Hardware stack levels required when called:    2
 This function calls:
		_strlen
		_writechar
 This function is called by:
		_main
 This function uses a non-reentrant model


 *************** function _writechar *****************
 Defined at:
		line 18 in file "lcd_driver.c"
 Parameters:    Size  Location     Type
  character       1    wreg     unsigned char 
 Auto vars:     Size  Location     Type
  character       1    5[COMMON] unsigned char 
 Return value:  Size  Location     Type
                  1    wreg      void 
 Registers used:
		wreg, status,2, status,0, pclath, cstack
 Tracked objects:
		On entry : 
		On exit  : 
		Unchanged: 
 Data sizes:     COMMON   BANK0   BANK1   BANK3   BANK2
      Params:         0       0       0       0       0
      Locals:         1       0       0       0       0
      Temps:          0       0       0       0       0
      Totals:         1       0       0       0       0
Total ram usage:        1 bytes
 Hardware stack levels used:    1
 Hardware stack levels required when called:    1
 This function calls:
		_delay
 This function is called by:
		_writeString
		_writeInt
 This function uses a non-reentrant model


 *************** function _strlen *****************
 Defined at:
		line 22 in file "Utils.c"
 Parameters:    Size  Location     Type
  a               1    wreg     PTR unsigned char 
		 -> get_time_as_string@time(9), 
 Auto vars:     Size  Location     Type
  a               1    3[COMMON] PTR unsigned char 
		 -> get_time_as_string@time(9), 
  len             2    4[COMMON] int 
 Return value:  Size  Location     Type
                  2    0[COMMON] int 
 Registers used:
		wreg, fsr0l, fsr0h, status,2, status,0
 Tracked objects:
		On entry : 
		On exit  : 
		Unchanged: 
 Data sizes:     COMMON   BANK0   BANK1   BANK3   BANK2
      Params:         2       0       0       0       0
      Locals:         3       0       0       0       0
      Temps:          1       0       0       0       0
      Totals:         6       0       0       0       0
Total ram usage:        6 bytes
 Hardware stack levels used:    1
 This function calls:
		Nothing
 This function is called by:
		_writeString
 This function uses a non-reentrant model


 *************** function _set_time *****************
 Defined at:
		line 62 in file "rtc_driver.c"
 Parameters:    Size  Location     Type
		None
 Auto vars:     Size  Location     Type
  i               2    5[COMMON] int 
 Return value:  Size  Location     Type
                  1    wreg      void 
 Registers used:
		wreg, fsr0l, fsr0h, status,2, status,0, btemp+1, pclath, cstack
 Tracked objects:
		On entry : 
		On exit  : 
		Unchanged: 
 Data sizes:     COMMON   BANK0   BANK1   BANK3   BANK2
      Params:         0       0       0       0       0
      Locals:         2       0       0       0       0
      Temps:          0       0       0       0       0
      Totals:         2       0       0       0       0
Total ram usage:        2 bytes
 Hardware stack levels used:    1
 Hardware stack levels required when called:    1
 This function calls:
		_write_byte
 This function is called by:
		_main
 This function uses a non-reentrant model


 *************** function _rtc_port_init *****************
 Defined at:
		line 37 in file "rtc_driver.c"
 Parameters:    Size  Location     Type
		None
 Auto vars:     Size  Location     Type
		None
 Return value:  Size  Location     Type
                  1    wreg      void 
 Registers used:
		wreg, status,2
 Tracked objects:
		On entry : 
		On exit  : 
		Unchanged: 
 Data sizes:     COMMON   BANK0   BANK1   BANK3   BANK2
      Params:         0       0       0       0       0
      Locals:         0       0       0       0       0
      Temps:          0       0       0       0       0
      Totals:         0       0       0       0       0
Total ram usage:        0 bytes
 Hardware stack levels used:    1
 This function calls:
		Nothing
 This function is called by:
		_main
 This function uses a non-reentrant model


 *************** function _rtc_init *****************
 Defined at:
		line 51 in file "rtc_driver.c"
 Parameters:    Size  Location     Type
		None
 Auto vars:     Size  Location     Type
		None
 Return value:  Size  Location     Type
                  1    wreg      void 
 Registers used:
		wreg, status,2, status,0, btemp+1, pclath, cstack
 Tracked objects:
		On entry : 
		On exit  : 
		Unchanged: 
 Data sizes:     COMMON   BANK0   BANK1   BANK3   BANK2
      Params:         0       0       0       0       0
      Locals:         0       0       0       0       0
      Temps:          0       0       0       0       0
      Totals:         0       0       0       0       0
Total ram usage:        0 bytes
 Hardware stack levels used:    1
 Hardware stack levels required when called:    1
 This function calls:
		_write_byte
 This function is called by:
		_main
 This function uses a non-reentrant model


 *************** function _lcd_init *****************
 Defined at:
		line 60 in file "lcd_driver.c"
 Parameters:    Size  Location     Type
		None
 Auto vars:     Size  Location     Type
		None
 Return value:  Size  Location     Type
                  1    wreg      void 
 Registers used:
		wreg, status,2, status,0, pclath, cstack
 Tracked objects:
		On entry : 
		On exit  : 
		Unchanged: 
 Data sizes:     COMMON   BANK0   BANK1   BANK3   BANK2
      Params:         0       0       0       0       0
      Locals:         0       0       0       0       0
      Temps:          0       0       0       0       0
      Totals:         0       0       0       0       0
Total ram usage:        0 bytes
 Hardware stack levels used:    1
 Hardware stack levels required when called:    2
 This function calls:
		_writecmd
 This function is called by:
		_main
 This function uses a non-reentrant model


 *************** function _lcd_clear *****************
 Defined at:
		line 67 in file "lcd_driver.c"
 Parameters:    Size  Location     Type
		None
 Auto vars:     Size  Location     Type
		None
 Return value:  Size  Location     Type
                  1    wreg      void 
 Registers used:
		wreg, status,2, status,0, pclath, cstack
 Tracked objects:
		On entry : 
		On exit  : 
		Unchanged: 
 Data sizes:     COMMON   BANK0   BANK1   BANK3   BANK2
      Params:         0       0       0       0       0
      Locals:         0       0       0       0       0
      Temps:          0       0       0       0       0
      Totals:         0       0       0       0       0
Total ram usage:        0 bytes
 Hardware stack levels used:    1
 Hardware stack levels required when called:    2
 This function calls:
		_writecmd
 This function is called by:
		_main
 This function uses a non-reentrant model


 *************** function _writecmd *****************
 Defined at:
		line 9 in file "lcd_driver.c"
 Parameters:    Size  Location     Type
  command         1    wreg     unsigned char 
 Auto vars:     Size  Location     Type
  command         1    5[COMMON] unsigned char 
 Return value:  Size  Location     Type
                  1    wreg      void 
 Registers used:
		wreg, status,2, status,0, pclath, cstack
 Tracked objects:
		On entry : 
		On exit  : 
		Unchanged: 
 Data sizes:     COMMON   BANK0   BANK1   BANK3   BANK2
      Params:         0       0       0       0       0
      Locals:         1       0       0       0       0
      Temps:          0       0       0       0       0
      Totals:         1       0       0       0       0
Total ram usage:        1 bytes
 Hardware stack levels used:    1
 Hardware stack levels required when called:    1
 This function calls:
		_delay
 This function is called by:
		_lcd_init
		_lcd_clear
		_setCursorPos
		_lcd_home
 This function uses a non-reentrant model


 *************** function _delay *****************
 Defined at:
		line 3 in file "Utils.c"
 Parameters:    Size  Location     Type
  t               2    0[COMMON] int 
 Auto vars:     Size  Location     Type
  i               2    3[COMMON] int 
 Return value:  Size  Location     Type
                  1    wreg      void 
 Registers used:
		wreg, status,2
 Tracked objects:
		On entry : 
		On exit  : 
		Unchanged: 
 Data sizes:     COMMON   BANK0   BANK1   BANK3   BANK2
      Params:         2       0       0       0       0
      Locals:         2       0       0       0       0
      Temps:          1       0       0       0       0
      Totals:         5       0       0       0       0
Total ram usage:        5 bytes
 Hardware stack levels used:    1
 This function calls:
		Nothing
 This function is called by:
		_main
		_writecmd
		_writechar
 This function uses a non-reentrant model


 *************** function _init *****************
 Defined at:
		line 20 in file "main.c"
 Parameters:    Size  Location     Type
		None
 Auto vars:     Size  Location     Type
		None
 Return value:  Size  Location     Type
                  1    wreg      void 
 Registers used:
		wreg, status,2
 Tracked objects:
		On entry : 
		On exit  : 
		Unchanged: 
 Data sizes:     COMMON   BANK0   BANK1   BANK3   BANK2
      Params:         0       0       0       0       0
      Locals:         0       0       0       0       0
      Temps:          0       0       0       0       0
      Totals:         0       0       0       0       0
Total ram usage:        0 bytes
 Hardware stack levels used:    1
 This function calls:
		Nothing
 This function is called by:
		_main
 This function uses a non-reentrant model


 *************** function _get_time_as_string *****************
 Defined at:
		line 110 in file "rtc_driver.c"
 Parameters:    Size  Location     Type
		None
 Auto vars:     Size  Location     Type
  time            9    0[BANK0 ] unsigned char [9]
 Return value:  Size  Location     Type
                  1    wreg      PTR unsigned char 
 Registers used:
		wreg, fsr0l, fsr0h, status,2, status,0, btemp+1, pclath, cstack
 Tracked objects:
		On entry : 
		On exit  : 
		Unchanged: 
 Data sizes:     COMMON   BANK0   BANK1   BANK3   BANK2
      Params:         0       0       0       0       0
      Locals:         0       9       0       0       0
      Temps:          2       0       0       0       0
      Totals:         2       9       0       0       0
Total ram usage:       11 bytes
 Hardware stack levels used:    1
 Hardware stack levels required when called:    2
 This function calls:
		_get_time_bit_as_string
 This function is called by:
		_main
 This function uses a non-reentrant model


 *************** function _get_time_bit_as_string *****************
 Defined at:
		line 99 in file "rtc_driver.c"
 Parameters:    Size  Location     Type
  b               1    wreg     unsigned char 
 Auto vars:     Size  Location     Type
  b               1    9[COMMON] unsigned char 
  t               1   10[COMMON] unsigned char 
 Return value:  Size  Location     Type
                  1    wreg      PTR unsigned char 
 Registers used:
		wreg, status,2, status,0, btemp+1, pclath, cstack
 Tracked objects:
		On entry : 
		On exit  : 
		Unchanged: 
 Data sizes:     COMMON   BANK0   BANK1   BANK3   BANK2
      Params:         0       0       0       0       0
      Locals:         2       0       0       0       0
      Temps:          1       0       0       0       0
      Totals:         3       0       0       0       0
Total ram usage:        3 bytes
 Hardware stack levels used:    1
 Hardware stack levels required when called:    1
 This function calls:
		_convert_bcd_to_string
		_read_byte
		_write_byte
 This function is called by:
		_get_time_as_string
 This function uses a non-reentrant model


 *************** function _write_byte *****************
 Defined at:
		line 124 in file "rtc_driver.c"
 Parameters:    Size  Location     Type
  time_tx         1    wreg     unsigned char 
 Auto vars:     Size  Location     Type
  time_tx         1    4[COMMON] unsigned char 
  j               2    2[COMMON] int 
 Return value:  Size  Location     Type
                  1    wreg      void 
 Registers used:
		wreg, status,2, status,0, btemp+1
 Tracked objects:
		On entry : 
		On exit  : 
		Unchanged: 
 Data sizes:     COMMON   BANK0   BANK1   BANK3   BANK2
      Params:         0       0       0       0       0
      Locals:         3       0       0       0       0
      Temps:          2       0       0       0       0
      Totals:         5       0       0       0       0
Total ram usage:        5 bytes
 Hardware stack levels used:    1
 This function calls:
		Nothing
 This function is called by:
		_rtc_init
		_set_time
		_get_time_bit_as_string
		_set_time_bit
		_get_time
 This function uses a non-reentrant model


 *************** function _read_byte *****************
 Defined at:
		line 142 in file "rtc_driver.c"
 Parameters:    Size  Location     Type
		None
 Auto vars:     Size  Location     Type
  j               2    2[COMMON] int 
 Return value:  Size  Location     Type
                  1    wreg      unsigned char 
 Registers used:
		wreg, status,2, status,0, btemp+1
 Tracked objects:
		On entry : 
		On exit  : 
		Unchanged: 
 Data sizes:     COMMON   BANK0   BANK1   BANK3   BANK2
      Params:         0       0       0       0       0
      Locals:         2       0       0       0       0
      Temps:          2       0       0       0       0
      Totals:         4       0       0       0       0
Total ram usage:        4 bytes
 Hardware stack levels used:    1
 This function calls:
		Nothing
 This function is called by:
		_get_time_bit_as_string
		_get_time
 This function uses a non-reentrant model


 *************** function _convert_bcd_to_string *****************
 Defined at:
		line 31 in file "Utils.c"
 Parameters:    Size  Location     Type
  bcd             1    wreg     unsigned char 
 Auto vars:     Size  Location     Type
  bcd             1    7[COMMON] unsigned char 
  num             2    5[COMMON] unsigned char [2]
  ones            2    3[COMMON] int 
  tens            2    1[COMMON] int 
 Return value:  Size  Location     Type
                  1    wreg      PTR unsigned char 
 Registers used:
		wreg, status,2, status,0
 Tracked objects:
		On entry : 
		On exit  : 
		Unchanged: 
 Data sizes:     COMMON   BANK0   BANK1   BANK3   BANK2
      Params:         0       0       0       0       0
      Locals:         7       0       0       0       0
      Temps:          1       0       0       0       0
      Totals:         8       0       0       0       0
Total ram usage:        8 bytes
 Hardware stack levels used:    1
 This function calls:
		Nothing
 This function is called by:
		_get_time_bit_as_string
 This function uses a non-reentrant model



MODULE INFORMATION

Module		Function		Class		Link	Load	Size
lcd_driver.c
		_writeString   		CODE           	06C3	0000	44
		_writechar     		CODE           	060F	0000	22
		_lcd_clear     		CODE           	05A8	0000	8
		_writecmd      		CODE           	05E5	0000	22
		_lcd_init      		CODE           	05D2	0000	20

lcd_driver.c estimated size: 116

shared
		_DAY           		STRING         	0000	0000	0
		_defaults      		STRING         	0009	0000	9
		__stringtab    		STRING         	0003	0000	7
		_HOUR          		STRING         	0000	0000	0
		_SEC           		STRING         	0000	0000	0
		_YEAR          		STRING         	0000	0000	0
		__initialization		CODE           	07ED	0000	16
		_MONTH         		STRING         	0000	0000	0
		setCursorPos@ln1		STRING         	0000	0000	0
		setCursorPos@ln2		STRING         	0000	0000	0
		setCursorPos@ln3		STRING         	0000	0000	0
		setCursorPos@ln4		STRING         	0000	0000	0
		_CTRL          		STRING         	0000	0000	0
		_DATE          		STRING         	0000	0000	0
		_MIN           		STRING         	0000	0000	0

shared estimated size: 32

rtc_driver.c
		_get_time_as_string		CODE           	0782	0000	108
		_rtc_port_init 		CODE           	05C2	0000	17
		_rtc_init      		CODE           	05FA	0000	22
		_read_byte     		CODE           	071D	0000	49
		_get_time_bit_as_string		CODE           	0656	0000	30
		_set_time      		CODE           	06EE	0000	48
		_write_byte    		CODE           	0698	0000	44

rtc_driver.c estimated size: 318

Utils.c
		_delay         		CODE           	0624	0000	25
		_strlen        		CODE           	063C	0000	27
		_convert_bcd_to_string		CODE           	0673	0000	38

Utils.c estimated size: 90

main.c
		_init          		CODE           	05B7	0000	12
		_main          		CODE           	074D	0000	54

main.c estimated size: 66

