Microchip MPLAB XC8 Compiler V2.10 ()

Linker command line:

-W-3 --edf=C:\Program Files (x86)\Microchip\xc8\v2.10\pic\dat\en_msgs.txt \
  -cs -h+dist/default/production\ACW.X.production.sym \
  --cmf=dist/default/production\ACW.X.production.cmf -z -Q16F877A \
  -oC:\Users\Zak\AppData\Local\Temp\sgg4.2 --defsym=__MPLAB_BUILD=1 \
  -Mdist/default/production/ACW.X.production.map -E1 -ver=XC8 --acfsm=1493 \
  -ASTACK=0110h-016Fh -pstack=STACK -ACODE=00h-07FFhx4 -ASTRCODE=00h-01FFFh \
  -ASTRING=00h-0FFhx32 -ACONST=00h-0FFhx32 -AENTRY=00h-0FFhx32 \
  -ACOMMON=070h-07Fh -ABANK0=020h-06Fh -ABANK1=0A0h-0EFh \
  -ABANK2=0110h-016Fh -ABANK3=0190h-01EFh \
  -ARAM=020h-06Fh,0A0h-0EFh,0110h-016Fh,0190h-01EFh \
  -AABS1=020h-07Fh,0A0h-0EFh,0110h-016Fh,0190h-01EFh -ASFR0=00h-01Fh \
  -ASFR1=080h-09Fh -ASFR2=0100h-010Fh -ASFR3=0180h-018Fh \
  -preset_vec=00h,intentry,init,end_init -ppowerup=CODE -pcinit=CODE \
  -pfunctab=ENTRY -ACONFIG=02007h-02007h -pconfig=CONFIG -DCONFIG=2 \
  -AIDLOC=02000h-02003h -pidloc=IDLOC -DIDLOC=2 -AEEDATA=00h-0FFh/02100h \
  -peeprom_data=EEDATA -DEEDATA=2 -DCODE=2 -DSTRCODE=2 -DSTRING=2 -DCONST=2 \
  -DENTRY=2 -k C:\Users\Zak\AppData\Local\Temp\sgg4.o \
  dist/default/production\ACW.X.production.o 

Object code version is 3.11

Machine type is 16F877A



                Name                               Link     Load   Length Selector   Space Scale
C:\Users\Zak\AppData\Local\Temp\sgg4.o
                end_init                              0        0        3        0       0
                config                             2007     2007        1     400E       0
dist/default/production\ACW.X.production.o
                cinit                               7ED      7ED       13      FDA       0
                text13                              6B0      6B0       25      D60       0
                text12                              72F      72F       30      E5E       0
                text11                              6D5      6D5       2B      DAA       0
                text10                              693      693       1D      D26       0
                text9                               60E      60E        B      C1C       0
                text8                               67B      67B       18      CF6       0
                text7                               63C      63C       15      C78       0
                text6                               607      607        7      C0E       0
                text5                               629      629       13      C52       0
                text4                               651      651       15      CA2       0
                text3                               619      619       10      C32       0
                text2                               700      700       2F      E00       0
                text1                               666      666       15      CCC       0
                maintext                            75F      75F       8E      EBE       0
                cstackCOMMON                         70       70        C       70       1
                bssBANK0                             20       20        9       20       1
                dataCOMMON                           7C       7C        1       70       1
                strings                               3        3       1E        6       0
                idataCOMMON                         606      606        1      C0C       0

TOTAL           Name                               Link     Load   Length     Space
        CLASS   STACK          

        CLASS   CODE           
                end_init                              0        0        3         0
                cinit                               7ED      7ED       13         0
                text13                              6B0      6B0       25         0
                text12                              72F      72F       30         0
                text11                              6D5      6D5       2B         0
                text10                              693      693       1D         0
                text9                               60E      60E        B         0
                text8                               67B      67B       18         0
                text7                               63C      63C       15         0
                text6                               607      607        7         0
                text5                               629      629       13         0
                text4                               651      651       15         0
                text3                               619      619       10         0
                text2                               700      700       2F         0
                text1                               666      666       15         0
                maintext                            75F      75F       8E         0
                idataCOMMON                         606      606        1         0

        CLASS   STRCODE        

        CLASS   STRING         
                strings                               3        3       1E         0

        CLASS   CONST          

        CLASS   ENTRY          

        CLASS   COMMON         
                cstackCOMMON                         70       70        C         1
                dataCOMMON                           7C       7C        1         1

        CLASS   BANK0          
                bssBANK0                             20       20        9         1

        CLASS   BANK1          

        CLASS   BANK2          

        CLASS   BANK3          

        CLASS   RAM            

        CLASS   ABS1           
                abs_s1                               7E       7E        2         1

        CLASS   SFR0           

        CLASS   SFR1           

        CLASS   SFR2           

        CLASS   SFR3           

        CLASS   CONFIG         
                config                             2007     2007        1         0

        CLASS   IDLOC          

        CLASS   EEDATA         



SEGMENTS        Name                           Load    Length   Top    Selector   Space  Class     Delta

                reset_vec                      000000  000003  000003         0       0  CODE        2
                strings                        000003  00001E  000021         6       0  STRING      2
                bssBANK0                       000020  000009  000029        20       1  BANK0       1
                cstackCOMMON                   000070  00000D  00007D        70       1  COMMON      1
                idataCOMMON                    000606  000001  000607       C0C       0  CODE        2
                text6                          000607  000007  00060E       C0E       0  CODE        2
                text9                          00060E  00000B  000619       C1C       0  CODE        2
                text3                          000619  000010  000629       C32       0  CODE        2
                text5                          000629  000013  00063C       C52       0  CODE        2
                text7                          00063C  000015  000651       C78       0  CODE        2
                text4                          000651  000015  000666       CA2       0  CODE        2
                text1                          000666  000015  00067B       CCC       0  CODE        2
                text8                          00067B  000018  000693       CF6       0  CODE        2
                text10                         000693  00001D  0006B0       D26       0  CODE        2
                text13                         0006B0  000025  0006D5       D60       0  CODE        2
                text11                         0006D5  00002B  000700       DAA       0  CODE        2
                text2                          000700  00002F  00072F       E00       0  CODE        2
                text12                         00072F  000030  00075F       E5E       0  CODE        2
                maintext                       00075F  00008E  0007ED       EBE       0  CODE        2
                cinit                          0007ED  000013  000800       FDA       0  CODE        2
                config                         002007  000001  002008      400E       0  CONFIG      2


UNUSED ADDRESS RANGES

        Name                Unused          Largest block    Delta
        BANK0            0029-006F             47           1
        BANK1            00A0-00EF             50           1
        BANK2            0110-016F             60           1
        BANK3            0190-01EF             60           1
        CODE             0021-0605            5E5           2
                         0800-1FFF            800
        COMMON           007D-007D              1           1
        CONST            0021-0605            100           2
                         0800-1FFF            100
        EEDATA           2100-21FF            100           2
        ENTRY            0021-0605            100           2
                         0800-1FFF            100
        IDLOC            2000-2003              4           2
        RAM              0029-006F             47           1
                         00A0-00EF             50
                         0110-016F             60
                         0190-01EF             60
        SFR0             0000-001F             20           1
        SFR1             0080-009F             20           1
        SFR2             0100-010F             10           1
        SFR3             0180-018F             10           1
        STACK            0110-016F             60           1
        STRCODE          0021-0605            5E5           2
                         0800-1FFF           1800
        STRING           0021-0605            100           2
                         0800-1FFF            100

                                  Symbol Table

_ADCON1                          (abs)        009F
_OPTION_REG                      (abs)        0081
_PORTA                           (abs)        0005
_PORTD                           (abs)        0008
_RA2                             (abs)        002A
_RA3                             (abs)        002B
_RA4                             (abs)        002C
_RA5                             (abs)        002D
_RB0                             (abs)        0030
_RB4                             (abs)        0034
_RB5                             (abs)        0035
_TRISA                           (abs)        0085
_TRISB                           (abs)        0086
_TRISB4                          (abs)        0434
_TRISC                           (abs)        0087
_TRISD                           (abs)        0088
__CFG_BOREN$OFF                  (abs)        0000
__CFG_FOSC$HS                    (abs)        0000
__CFG_LVP$OFF                    (abs)        0000
__CFG_PWRTE$ON                   (abs)        0000
__CFG_WDTE$OFF                   (abs)        0000
__Habs1                          abs1         0000
__Hbank0                         bank0        0000
__Hbank1                         bank1        0000
__Hbank2                         bank2        0000
__Hbank3                         bank3        0000
__HbssBANK0                      bssBANK0     0000
__Hcinit                         cinit        0800
__Hclrtext                       clrtext      0000
__Hcode                          code         0000
__Hcommon                        common       0000
__Hconfig                        config       2008
__HcstackCOMMON                  cstackCOMMON 0000
__HdataCOMMON                    dataCOMMON   0000
__Heeprom_data                   eeprom_data  0000
__Hend_init                      end_init     0003
__Hfunctab                       functab      0000
__HidataCOMMON                   idataCOMMON  0000
__Hidloc                         idloc        0000
__Hinit                          init         0000
__Hintentry                      intentry     0000
__Hmaintext                      maintext     0000
__Hpowerup                       powerup      0000
__Hram                           ram          0000
__Hreset_vec                     reset_vec    0000
__Hsfr0                          sfr0         0000
__Hsfr1                          sfr1         0000
__Hsfr2                          sfr2         0000
__Hsfr3                          sfr3         0000
__Hspace_0                       (abs)        2008
__Hspace_1                       (abs)        007D
__Hspace_2                       (abs)        0000
__Hspace_3                       (abs)        0000
__Hstack                         stack        0000
__Hstrings                       strings      0000
__Htext                          text         0000
__Labs1                          abs1         0000
__Lbank0                         bank0        0000
__Lbank1                         bank1        0000
__Lbank2                         bank2        0000
__Lbank3                         bank3        0000
__LbssBANK0                      bssBANK0     0000
__Lcinit                         cinit        07ED
__Lclrtext                       clrtext      0000
__Lcode                          code         0000
__Lcommon                        common       0000
__Lconfig                        config       2007
__LcstackCOMMON                  cstackCOMMON 0000
__LdataCOMMON                    dataCOMMON   0000
__Leeprom_data                   eeprom_data  0000
__Lend_init                      end_init     0000
__Lfunctab                       functab      0000
__LidataCOMMON                   idataCOMMON  0000
__Lidloc                         idloc        0000
__Linit                          init         0000
__Lintentry                      intentry     0000
__Lmaintext                      maintext     0000
__Lpowerup                       powerup      0000
__Lram                           ram          0000
__Lreset_vec                     reset_vec    0000
__Lsfr0                          sfr0         0000
__Lsfr1                          sfr1         0000
__Lsfr2                          sfr2         0000
__Lsfr3                          sfr3         0000
__Lspace_0                       (abs)        0000
__Lspace_1                       (abs)        0000
__Lspace_2                       (abs)        0000
__Lspace_3                       (abs)        0000
__Lstack                         stack        0000
__Lstrings                       strings      0000
__Ltext                          text         0000
__S0                             (abs)        2008
__S1                             (abs)        007D
__S2                             (abs)        0000
__S3                             (abs)        0000
___int_sp                        stack        0000
___latbits                       (abs)        0002
___sp                            stack        0000
___stackhi                       (abs)        0000
___stacklo                       (abs)        0000
__end_of_CTRL                    strings      001A
__end_of_DATE                    strings      001E
__end_of_DAY                     strings      001C
__end_of_HOUR                    strings      001F
__end_of_MIN                     strings      0020
__end_of_MONTH                   strings      001D
__end_of_SEC                     strings      0021
__end_of_YEAR                    strings      001B
__end_of__initialization         cinit        07FC
__end_of__stringtab              strings      0009
__end_of_convert_bcd_to_string   text13       06D5
__end_of_defaults                strings      0011
__end_of_delay                   text8        0693
__end_of_get_time_bit_as_string  text10       06B0
__end_of_init                    text9        0619
__end_of_lcd_clear               text6        060E
__end_of_lcd_init                text5        063C
__end_of_main                    maintext     07ED
__end_of_read_byte               text12       075F
__end_of_rtc_init                text4        0666
__end_of_rtc_port_init           text3        0629
__end_of_set_time                text2        072F
__end_of_write_byte              text11       0700
__end_of_writechar               text1        067B
__end_of_writecmd                text7        0651
__end_ofsetCursorPos@ln1         strings      0019
__end_ofsetCursorPos@ln2         strings      0017
__end_ofsetCursorPos@ln3         strings      0015
__end_ofsetCursorPos@ln4         strings      0013
__initialization                 cinit        07ED
__pbssBANK0                      bssBANK0     0020
__pcstackCOMMON                  cstackCOMMON 0070
__pdataCOMMON                    dataCOMMON   007C
__pidataCOMMON                   idataCOMMON  0606
__pmaintext                      maintext     075F
__pstrings                       strings      0003
__ptext1                         text1        0666
__ptext10                        text10       0693
__ptext11                        text11       06D5
__ptext12                        text12       072F
__ptext13                        text13       06B0
__ptext2                         text2        0700
__ptext3                         text3        0619
__ptext4                         text4        0651
__ptext5                         text5        0629
__ptext6                         text6        0607
__ptext7                         text7        063C
__ptext8                         text8        067B
__ptext9                         text9        060E
__size_of_convert_bcd_to_string  (abs)        0000
__size_of_delay                  (abs)        0000
__size_of_get_time_bit_as_string (abs)        0000
__size_of_init                   (abs)        0000
__size_of_lcd_clear              (abs)        0000
__size_of_lcd_init               (abs)        0000
__size_of_main                   (abs)        0000
__size_of_read_byte              (abs)        0000
__size_of_rtc_init               (abs)        0000
__size_of_rtc_port_init          (abs)        0000
__size_of_set_time               (abs)        0000
__size_of_write_byte             (abs)        0000
__size_of_writechar              (abs)        0000
__size_of_writecmd               (abs)        0000
__stringbase                     strings      0008
__stringtab                      strings      0003
_convert_bcd_to_string           text13       06B0
_defaults                        strings      0009
_delay                           text8        067B
_get_time_bit_as_string          text10       0693
_init                            text9        060E
_lcd_clear                       text6        0607
_lcd_init                        text5        0629
_main                            maintext     075F
_read_byte                       text12       072F
_rtc_init                        text4        0651
_rtc_port_init                   text3        0619
_set_time                        text2        0700
_table1                          bssBANK0     0020
_time_rx                         dataCOMMON   007C
_write_byte                      text11       06D5
_writechar                       text1        0666
_writecmd                        text7        063C
btemp                            (abs)        007E
convert_bcd_to_string@bcd        cstackCOMMON 0077
convert_bcd_to_string@num        cstackCOMMON 0075
convert_bcd_to_string@ones       cstackCOMMON 0073
convert_bcd_to_string@tens       cstackCOMMON 0071
delay@i                          cstackCOMMON 0073
delay@t                          cstackCOMMON 0070
end_of_initialization            cinit        07FC
get_time_bit_as_string@b         cstackCOMMON 0079
get_time_bit_as_string@t         cstackCOMMON 007A
intlevel0                        functab      0000
intlevel1                        functab      0000
intlevel2                        functab      0000
intlevel3                        functab      0000
intlevel4                        functab      0000
intlevel5                        functab      0000
read_byte@j                      cstackCOMMON 0072
reset_vec                        reset_vec    0000
set_time@i                       cstackCOMMON 0075
start                            init         0000
start_initialization             cinit        07ED
write_byte@j                     cstackCOMMON 0072
write_byte@time_tx               cstackCOMMON 0074
writechar@character              cstackCOMMON 0075
writecmd@command                 cstackCOMMON 0075
wtemp0                           (abs)        007E


FUNCTION INFORMATION:

 *************** function _main *****************
 Defined at:
		line 28 in file "main.c"
 Parameters:    Size  Location     Type
		None
 Auto vars:     Size  Location     Type
		None
 Return value:  Size  Location     Type
                  1    wreg      void 
 Registers used:
		wreg, fsr0l, fsr0h, status,2, status,0, btemp+1, pclath, cstack
 Tracked objects:
		On entry : 
		On exit  : 
		Unchanged: 
 Data sizes:     COMMON   BANK0   BANK1   BANK3   BANK2
      Params:         0       0       0       0       0
      Locals:         0       0       0       0       0
      Temps:          1       0       0       0       0
      Totals:         1       0       0       0       0
Total ram usage:        1 bytes
 Hardware stack levels required when called:    3
 This function calls:
		_delay
		_get_time_bit_as_string
		_init
		_lcd_clear
		_lcd_init
		_rtc_init
		_rtc_port_init
		_set_time
		_writechar
 This function is called by:
		Startup code after reset
 This function uses a non-reentrant model


 *************** function _writechar *****************
 Defined at:
		line 18 in file "lcd_driver.c"
 Parameters:    Size  Location     Type
  character       1    wreg     unsigned char 
 Auto vars:     Size  Location     Type
  character       1    5[COMMON] unsigned char 
 Return value:  Size  Location     Type
                  1    wreg      void 
 Registers used:
		wreg, status,2, status,0, pclath, cstack
 Tracked objects:
		On entry : 
		On exit  : 
		Unchanged: 
 Data sizes:     COMMON   BANK0   BANK1   BANK3   BANK2
      Params:         0       0       0       0       0
      Locals:         1       0       0       0       0
      Temps:          0       0       0       0       0
      Totals:         1       0       0       0       0
Total ram usage:        1 bytes
 Hardware stack levels used:    1
 Hardware stack levels required when called:    1
 This function calls:
		_delay
 This function is called by:
		_main
		_writeInt
		_writeString
 This function uses a non-reentrant model


 *************** function _set_time *****************
 Defined at:
		line 59 in file "rtc_driver.c"
 Parameters:    Size  Location     Type
		None
 Auto vars:     Size  Location     Type
  i               2    5[COMMON] int 
 Return value:  Size  Location     Type
                  1    wreg      void 
 Registers used:
		wreg, fsr0l, fsr0h, status,2, status,0, btemp+1, pclath, cstack
 Tracked objects:
		On entry : 
		On exit  : 
		Unchanged: 
 Data sizes:     COMMON   BANK0   BANK1   BANK3   BANK2
      Params:         0       0       0       0       0
      Locals:         2       0       0       0       0
      Temps:          0       0       0       0       0
      Totals:         2       0       0       0       0
Total ram usage:        2 bytes
 Hardware stack levels used:    1
 Hardware stack levels required when called:    1
 This function calls:
		_write_byte
 This function is called by:
		_main
 This function uses a non-reentrant model


 *************** function _rtc_port_init *****************
 Defined at:
		line 36 in file "rtc_driver.c"
 Parameters:    Size  Location     Type
		None
 Auto vars:     Size  Location     Type
		None
 Return value:  Size  Location     Type
                  1    wreg      void 
 Registers used:
		wreg, status,2
 Tracked objects:
		On entry : 
		On exit  : 
		Unchanged: 
 Data sizes:     COMMON   BANK0   BANK1   BANK3   BANK2
      Params:         0       0       0       0       0
      Locals:         0       0       0       0       0
      Temps:          0       0       0       0       0
      Totals:         0       0       0       0       0
Total ram usage:        0 bytes
 Hardware stack levels used:    1
 This function calls:
		Nothing
 This function is called by:
		_main
 This function uses a non-reentrant model


 *************** function _rtc_init *****************
 Defined at:
		line 49 in file "rtc_driver.c"
 Parameters:    Size  Location     Type
		None
 Auto vars:     Size  Location     Type
		None
 Return value:  Size  Location     Type
                  1    wreg      void 
 Registers used:
		wreg, status,2, status,0, btemp+1, pclath, cstack
 Tracked objects:
		On entry : 
		On exit  : 
		Unchanged: 
 Data sizes:     COMMON   BANK0   BANK1   BANK3   BANK2
      Params:         0       0       0       0       0
      Locals:         0       0       0       0       0
      Temps:          0       0       0       0       0
      Totals:         0       0       0       0       0
Total ram usage:        0 bytes
 Hardware stack levels used:    1
 Hardware stack levels required when called:    1
 This function calls:
		_write_byte
 This function is called by:
		_main
 This function uses a non-reentrant model


 *************** function _lcd_init *****************
 Defined at:
		line 60 in file "lcd_driver.c"
 Parameters:    Size  Location     Type
		None
 Auto vars:     Size  Location     Type
		None
 Return value:  Size  Location     Type
                  1    wreg      void 
 Registers used:
		wreg, status,2, status,0, pclath, cstack
 Tracked objects:
		On entry : 
		On exit  : 
		Unchanged: 
 Data sizes:     COMMON   BANK0   BANK1   BANK3   BANK2
      Params:         0       0       0       0       0
      Locals:         0       0       0       0       0
      Temps:          0       0       0       0       0
      Totals:         0       0       0       0       0
Total ram usage:        0 bytes
 Hardware stack levels used:    1
 Hardware stack levels required when called:    2
 This function calls:
		_writecmd
 This function is called by:
		_main
 This function uses a non-reentrant model


 *************** function _lcd_clear *****************
 Defined at:
		line 67 in file "lcd_driver.c"
 Parameters:    Size  Location     Type
		None
 Auto vars:     Size  Location     Type
		None
 Return value:  Size  Location     Type
                  1    wreg      void 
 Registers used:
		wreg, status,2, status,0, pclath, cstack
 Tracked objects:
		On entry : 
		On exit  : 
		Unchanged: 
 Data sizes:     COMMON   BANK0   BANK1   BANK3   BANK2
      Params:         0       0       0       0       0
      Locals:         0       0       0       0       0
      Temps:          0       0       0       0       0
      Totals:         0       0       0       0       0
Total ram usage:        0 bytes
 Hardware stack levels used:    1
 Hardware stack levels required when called:    2
 This function calls:
		_writecmd
 This function is called by:
		_main
 This function uses a non-reentrant model


 *************** function _writecmd *****************
 Defined at:
		line 9 in file "lcd_driver.c"
 Parameters:    Size  Location     Type
  command         1    wreg     unsigned char 
 Auto vars:     Size  Location     Type
  command         1    5[COMMON] unsigned char 
 Return value:  Size  Location     Type
                  1    wreg      void 
 Registers used:
		wreg, status,2, status,0, pclath, cstack
 Tracked objects:
		On entry : 
		On exit  : 
		Unchanged: 
 Data sizes:     COMMON   BANK0   BANK1   BANK3   BANK2
      Params:         0       0       0       0       0
      Locals:         1       0       0       0       0
      Temps:          0       0       0       0       0
      Totals:         1       0       0       0       0
Total ram usage:        1 bytes
 Hardware stack levels used:    1
 Hardware stack levels required when called:    1
 This function calls:
		_delay
 This function is called by:
		_lcd_init
		_lcd_clear
		_setCursorPos
		_lcd_home
 This function uses a non-reentrant model


 *************** function _delay *****************
 Defined at:
		line 3 in file "Utils.c"
 Parameters:    Size  Location     Type
  t               2    0[COMMON] int 
 Auto vars:     Size  Location     Type
  i               2    3[COMMON] int 
 Return value:  Size  Location     Type
                  1    wreg      void 
 Registers used:
		wreg, status,2
 Tracked objects:
		On entry : 
		On exit  : 
		Unchanged: 
 Data sizes:     COMMON   BANK0   BANK1   BANK3   BANK2
      Params:         2       0       0       0       0
      Locals:         2       0       0       0       0
      Temps:          1       0       0       0       0
      Totals:         5       0       0       0       0
Total ram usage:        5 bytes
 Hardware stack levels used:    1
 This function calls:
		Nothing
 This function is called by:
		_main
		_writecmd
		_writechar
 This function uses a non-reentrant model


 *************** function _init *****************
 Defined at:
		line 20 in file "main.c"
 Parameters:    Size  Location     Type
		None
 Auto vars:     Size  Location     Type
		None
 Return value:  Size  Location     Type
                  1    wreg      void 
 Registers used:
		wreg, status,2
 Tracked objects:
		On entry : 
		On exit  : 
		Unchanged: 
 Data sizes:     COMMON   BANK0   BANK1   BANK3   BANK2
      Params:         0       0       0       0       0
      Locals:         0       0       0       0       0
      Temps:          0       0       0       0       0
      Totals:         0       0       0       0       0
Total ram usage:        0 bytes
 Hardware stack levels used:    1
 This function calls:
		Nothing
 This function is called by:
		_main
 This function uses a non-reentrant model


 *************** function _get_time_bit_as_string *****************
 Defined at:
		line 93 in file "rtc_driver.c"
 Parameters:    Size  Location     Type
  b               1    wreg     unsigned char 
 Auto vars:     Size  Location     Type
  b               1    9[COMMON] unsigned char 
  t               1   10[COMMON] unsigned char 
 Return value:  Size  Location     Type
                  1    wreg      PTR unsigned char 
 Registers used:
		wreg, status,2, status,0, btemp+1, pclath, cstack
 Tracked objects:
		On entry : 
		On exit  : 
		Unchanged: 
 Data sizes:     COMMON   BANK0   BANK1   BANK3   BANK2
      Params:         0       0       0       0       0
      Locals:         2       0       0       0       0
      Temps:          1       0       0       0       0
      Totals:         3       0       0       0       0
Total ram usage:        3 bytes
 Hardware stack levels used:    1
 Hardware stack levels required when called:    1
 This function calls:
		_convert_bcd_to_string
		_read_byte
		_write_byte
 This function is called by:
		_main
 This function uses a non-reentrant model


 *************** function _write_byte *****************
 Defined at:
		line 103 in file "rtc_driver.c"
 Parameters:    Size  Location     Type
  time_tx         1    wreg     unsigned char 
 Auto vars:     Size  Location     Type
  time_tx         1    4[COMMON] unsigned char 
  j               2    2[COMMON] int 
 Return value:  Size  Location     Type
                  1    wreg      void 
 Registers used:
		wreg, status,2, status,0, btemp+1
 Tracked objects:
		On entry : 
		On exit  : 
		Unchanged: 
 Data sizes:     COMMON   BANK0   BANK1   BANK3   BANK2
      Params:         0       0       0       0       0
      Locals:         3       0       0       0       0
      Temps:          2       0       0       0       0
      Totals:         5       0       0       0       0
Total ram usage:        5 bytes
 Hardware stack levels used:    1
 This function calls:
		Nothing
 This function is called by:
		_rtc_init
		_set_time
		_get_time_bit_as_string
		_set_time_bit
		_get_time
 This function uses a non-reentrant model


 *************** function _read_byte *****************
 Defined at:
		line 120 in file "rtc_driver.c"
 Parameters:    Size  Location     Type
		None
 Auto vars:     Size  Location     Type
  j               2    2[COMMON] int 
 Return value:  Size  Location     Type
                  1    wreg      unsigned char 
 Registers used:
		wreg, status,2, status,0, btemp+1
 Tracked objects:
		On entry : 
		On exit  : 
		Unchanged: 
 Data sizes:     COMMON   BANK0   BANK1   BANK3   BANK2
      Params:         0       0       0       0       0
      Locals:         2       0       0       0       0
      Temps:          2       0       0       0       0
      Totals:         4       0       0       0       0
Total ram usage:        4 bytes
 Hardware stack levels used:    1
 This function calls:
		Nothing
 This function is called by:
		_get_time_bit_as_string
		_get_time
 This function uses a non-reentrant model


 *************** function _convert_bcd_to_string *****************
 Defined at:
		line 31 in file "Utils.c"
 Parameters:    Size  Location     Type
  bcd             1    wreg     unsigned char 
 Auto vars:     Size  Location     Type
  bcd             1    7[COMMON] unsigned char 
  num             2    5[COMMON] unsigned char [2]
  ones            2    3[COMMON] int 
  tens            2    1[COMMON] int 
 Return value:  Size  Location     Type
                  1    wreg      PTR unsigned char 
 Registers used:
		wreg, status,2, status,0
 Tracked objects:
		On entry : 
		On exit  : 
		Unchanged: 
 Data sizes:     COMMON   BANK0   BANK1   BANK3   BANK2
      Params:         0       0       0       0       0
      Locals:         7       0       0       0       0
      Temps:          1       0       0       0       0
      Totals:         8       0       0       0       0
Total ram usage:        8 bytes
 Hardware stack levels used:    1
 This function calls:
		Nothing
 This function is called by:
		_get_time_bit_as_string
 This function uses a non-reentrant model



MODULE INFORMATION

Module		Function		Class		Link	Load	Size
lcd_driver.c
		_writechar     		CODE           	0666	0000	22
		_lcd_clear     		CODE           	0607	0000	8
		_writecmd      		CODE           	063C	0000	22
		_lcd_init      		CODE           	0629	0000	20

lcd_driver.c estimated size: 72

shared
		_DAY           		STRING         	0000	0000	0
		_defaults      		STRING         	0009	0000	9
		__stringtab    		STRING         	0003	0000	7
		_HOUR          		STRING         	0000	0000	0
		_SEC           		STRING         	0000	0000	0
		_YEAR          		STRING         	0000	0000	0
		__initialization		CODE           	07ED	0000	16
		_MONTH         		STRING         	0000	0000	0
		setCursorPos@ln1		STRING         	0000	0000	0
		setCursorPos@ln2		STRING         	0000	0000	0
		setCursorPos@ln3		STRING         	0000	0000	0
		setCursorPos@ln4		STRING         	0000	0000	0
		_CTRL          		STRING         	0000	0000	0
		_DATE          		STRING         	0000	0000	0
		_MIN           		STRING         	0000	0000	0

shared estimated size: 32

rtc_driver.c
		_rtc_port_init 		CODE           	0619	0000	17
		_rtc_init      		CODE           	0651	0000	22
		_read_byte     		CODE           	072F	0000	49
		_get_time_bit_as_string		CODE           	0693	0000	30
		_set_time      		CODE           	0700	0000	48
		_write_byte    		CODE           	06D5	0000	44

rtc_driver.c estimated size: 210

Utils.c
		_delay         		CODE           	067B	0000	25
		_convert_bcd_to_string		CODE           	06B0	0000	38

Utils.c estimated size: 63

main.c
		_init          		CODE           	060E	0000	12
		_main          		CODE           	075F	0000	143

main.c estimated size: 155

